Archive member included because of file (symbol)

.\CortexM0\ARM_GCC_484\Debug\BLE Lab 2.a(cyfitter_cfg.o)
                              .\CortexM0\ARM_GCC_484\Debug\Cm0Start.o (cyfitter_cfg)
.\CortexM0\ARM_GCC_484\Debug\BLE Lab 2.a(PWM.o)
                              .\CortexM0\ARM_GCC_484\Debug\main.o (PWM_WriteCompare)
.\CortexM0\ARM_GCC_484\Debug\BLE Lab 2.a(CyBootAsmGnu.o)
                              .\CortexM0\ARM_GCC_484\Debug\BLE Lab 2.a(PWM.o) (CyEnterCriticalSection)
.\CortexM0\ARM_GCC_484\Debug\BLE Lab 2.a(CyLib.o)
                              .\CortexM0\ARM_GCC_484\Debug\BLE Lab 2.a(cyfitter_cfg.o) (CyDelayUs)
.\CortexM0\ARM_GCC_484\Debug\BLE Lab 2.a(BLE.o)
                              .\CortexM0\ARM_GCC_484\Debug\main.o (CyBle_Start)
.\CortexM0\ARM_GCC_484\Debug\BLE Lab 2.a(BLE_gatt.o)
                              .\CortexM0\ARM_GCC_484\Debug\BLE Lab 2.a(BLE.o) (cyBle_state)
.\CortexM0\ARM_GCC_484\Debug\BLE Lab 2.a(BLE_ias.o)
                              .\CortexM0\ARM_GCC_484\Debug\BLE Lab 2.a(BLE.o) (CyBle_IasInit)
.\CortexM0\ARM_GCC_484\Debug\BLE Lab 2.a(BLE_eventHandler.o)
                              .\CortexM0\ARM_GCC_484\Debug\BLE Lab 2.a(BLE.o) (cyBle_eventHandlerFlag)
C:\Program Files (x86)\Cypress\PSoC Creator\3.1\PSoC Creator\psoc\content\cycomponentlibrary\CyComponentLibrary.cylib\BLE_v1_20\Library\gccCyBLEStack_BLE_SOC_PERIPHERAL.a(CyBle.o)
                              .\CortexM0\ARM_GCC_484\Debug\main.o (CyBle_ProcessEvents)
C:\Program Files (x86)\Cypress\PSoC Creator\3.1\PSoC Creator\psoc\content\cycomponentlibrary\CyComponentLibrary.cylib\BLE_v1_20\Library\gccCyBLEStack_BLE_SOC_PERIPHERAL.a(CyBleStackMgrIP_Interface.o)
                              C:\Program Files (x86)\Cypress\PSoC Creator\3.1\PSoC Creator\psoc\content\cycomponentlibrary\CyComponentLibrary.cylib\BLE_v1_20\Library\gccCyBLEStack_BLE_SOC_PERIPHERAL.a(CyBle.o) (CyBleStackMgr_BleGetConfigData)
C:\Program Files (x86)\Cypress\PSoC Creator\3.1\PSoC Creator\psoc\content\cycomponentlibrary\CyComponentLibrary.cylib\BLE_v1_20\Library\gccCyBLEStack_BLE_SOC_PERIPHERAL.a(BT_os.o)
                              C:\Program Files (x86)\Cypress\PSoC Creator\3.1\PSoC Creator\psoc\content\cycomponentlibrary\CyComponentLibrary.cylib\BLE_v1_20\Library\gccCyBLEStack_BLE_SOC_PERIPHERAL.a(CyBleStackMgrIP_Interface.o) (bt_stack_init_os)
C:\Program Files (x86)\Cypress\PSoC Creator\3.1\PSoC Creator\psoc\content\cycomponentlibrary\CyComponentLibrary.cylib\BLE_v1_20\Library\gccCyBLEStack_BLE_SOC_PERIPHERAL.a(CyBleStackMgr_StackTaskHandler.o)
                              C:\Program Files (x86)\Cypress\PSoC Creator\3.1\PSoC Creator\psoc\content\cycomponentlibrary\CyComponentLibrary.cylib\BLE_v1_20\Library\gccCyBLEStack_BLE_SOC_PERIPHERAL.a(CyBleStackMgrIP_Interface.o) (CyBle_CreateBleStackTask)
C:\Program Files (x86)\Cypress\PSoC Creator\3.1\PSoC Creator\psoc\content\cycomponentlibrary\CyComponentLibrary.cylib\BLE_v1_20\Library\gccCyBLEStack_BLE_SOC_PERIPHERAL.a(transport_sf.o)
                              C:\Program Files (x86)\Cypress\PSoC Creator\3.1\PSoC Creator\psoc\content\cycomponentlibrary\CyComponentLibrary.cylib\BLE_v1_20\Library\gccCyBLEStack_BLE_SOC_PERIPHERAL.a(CyBleStackMgr_StackTaskHandler.o) (hci_soft_transport_notify_data_received)
C:\Program Files (x86)\Cypress\PSoC Creator\3.1\PSoC Creator\psoc\content\cycomponentlibrary\CyComponentLibrary.cylib\BLE_v1_20\Library\gccCyBLEStack_BLE_SOC_PERIPHERAL.a(CyBleStackMgr_PSoCHal.o)
                              C:\Program Files (x86)\Cypress\PSoC Creator\3.1\PSoC Creator\psoc\content\cycomponentlibrary\CyComponentLibrary.cylib\BLE_v1_20\Library\gccCyBLEStack_BLE_SOC_PERIPHERAL.a(CyBleStackMgrIP_Interface.o) (CyBleStackMgr_HalInit)
C:\Program Files (x86)\Cypress\PSoC Creator\3.1\PSoC Creator\psoc\content\cycomponentlibrary\CyComponentLibrary.cylib\BLE_v1_20\Library\gccCyBLEStack_BLE_SOC_PERIPHERAL.a(CyBleStackMgr_BleSSDriver.o)
                              C:\Program Files (x86)\Cypress\PSoC Creator\3.1\PSoC Creator\psoc\content\cycomponentlibrary\CyComponentLibrary.cylib\BLE_v1_20\Library\gccCyBLEStack_BLE_SOC_PERIPHERAL.a(CyBleStackMgrIP_Interface.o) (CyBleStackMgr_BleSSInit)
C:\Program Files (x86)\Cypress\PSoC Creator\3.1\PSoC Creator\psoc\content\cycomponentlibrary\CyComponentLibrary.cylib\BLE_v1_20\Library\gccCyBLEStack_BLE_SOC_PERIPHERAL.a(config_bin.o)
                              C:\Program Files (x86)\Cypress\PSoC Creator\3.1\PSoC Creator\psoc\content\cycomponentlibrary\CyComponentLibrary.cylib\BLE_v1_20\Library\gccCyBLEStack_BLE_SOC_PERIPHERAL.a(CyBleStackMgr_PSoCHal.o) (bt_cfg_pdata)
C:\Program Files (x86)\Cypress\PSoC Creator\3.1\PSoC Creator\psoc\content\cycomponentlibrary\CyComponentLibrary.cylib\BLE_v1_20\Library\gccCyBLEStack_BLE_SOC_PERIPHERAL.a(mint_os.o)
[...]
Memory Configuration

Name             Origin             Length             Attributes
rom              0x00000000         0x00020000         xr
ram              0x20000000         0x00004000         xrw
*default*        0x00000000         0xffffffff

Linker script and memory map

LOAD c:/program files (x86)/cypress/psoc creator/3.1/psoc creator/import/gnu_cs/arm/4.8.4/bin/../lib/gcc/arm-none-eabi/4.8.4/armv6-m/crti.o
LOAD c:/program files (x86)/cypress/psoc creator/3.1/psoc creator/import/gnu_cs/arm/4.8.4/bin/../lib/gcc/arm-none-eabi/4.8.4/armv6-m/crtbegin.o
LOAD c:/program files (x86)/cypress/psoc creator/3.1/psoc creator/import/gnu_cs/arm/4.8.4/bin/../lib/gcc/arm-none-eabi/4.8.4/../../../../arm-none-eabi/lib/armv6-m/crt0.o
START GROUP
LOAD .\CortexM0\ARM_GCC_484\Debug\main.o
LOAD .\CortexM0\ARM_GCC_484\Debug\cymetadata.o
LOAD .\CortexM0\ARM_GCC_484\Debug\Cm0Start.o
LOAD .\CortexM0\ARM_GCC_484\Debug\BLE Lab 2.a
LOAD C:\Program Files (x86)\Cypress\PSoC Creator\3.1\PSoC Creator\psoc\content\cycomponentlibrary\CyComponentLibrary.cylib\BLE_v1_20\Library\gccCyBLEStack_BLE_SOC_PERIPHERAL.a
LOAD C:\Program Files (x86)\Cypress\PSoC Creator\3.1\PSoC Creator\psoc\content\cycomponentlibrary\CyComponentLibrary.cylib\CortexM0\ARM_GCC_484\Debug\CyComponentLibrary.a
END GROUP
START GROUP
LOAD c:/program files (x86)/cypress/psoc creator/3.1/psoc creator/import/gnu_cs/arm/4.8.4/bin/../lib/gcc/arm-none-eabi/4.8.4/armv6-m\libgcc.a
LOAD c:/program files (x86)/cypress/psoc creator/3.1/psoc creator/import/gnu_cs/arm/4.8.4/bin/../lib/gcc/arm-none-eabi/4.8.4/../../../../arm-none-eabi/lib/armv6-m\libg_s.a
LOAD c:/program files (x86)/cypress/psoc creator/3.1/psoc creator/import/gnu_cs/arm/4.8.4/bin/../lib/gcc/arm-none-eabi/4.8.4/../../../../arm-none-eabi/lib/armv6-m\libc_s.a
END GROUP
START GROUP
LOAD c:/program files (x86)/cypress/psoc creator/3.1/psoc creator/import/gnu_cs/arm/4.8.4/bin/../lib/gcc/arm-none-eabi/4.8.4/armv6-m\libgcc.a
LOAD c:/program files (x86)/cypress/psoc creator/3.1/psoc creator/import/gnu_cs/arm/4.8.4/bin/../lib/gcc/arm-none-eabi/4.8.4/../../../../arm-none-eabi/lib/armv6-m\libc_s.a
END GROUP
LOAD c:/program files (x86)/cypress/psoc creator/3.1/psoc creator/import/gnu_cs/arm/4.8.4/bin/../lib/gcc/arm-none-eabi/4.8.4/armv6-m/crtend.o
LOAD c:/program files (x86)/cypress/psoc creator/3.1/psoc creator/import/gnu_cs/arm/4.8.4/bin/../lib/gcc/arm-none-eabi/4.8.4/armv6-m/crtn.o
START GROUP
LOAD c:/program files (x86)/cypress/psoc creator/3.1/psoc creator/import/gnu_cs/arm/4.8.4/bin/../lib/gcc/arm-none-eabi/4.8.4/armv6-m\libgcc.a
LOAD c:/program files (x86)/cypress/psoc creator/3.1/psoc creator/import/gnu_cs/arm/4.8.4/bin/../lib/gcc/arm-none-eabi/4.8.4/../../../../arm-none-eabi/lib/armv6-m\libc.a
LOAD c:/program files (x86)/cypress/psoc creator/3.1/psoc creator/import/gnu_cs/arm/4.8.4/bin/../lib/gcc/arm-none-eabi/4.8.4/../../../../arm-none-eabi/lib/armv6-m\libnosys.a
END GROUP
                0x00000000                CY_APPL_ORIGIN = 0x0
                0x00000080                CY_FLASH_ROW_SIZE = 0x80
                0x00000001                CY_APPL_NUM = 0x1
                0x00000040                CY_METADATA_SIZE = 0x40
                0x200024a8                PROVIDE (__cy_heap_start, _end)
                0x00000001                PROVIDE (__cy_region_num, ((__cy_regions_end - __cy_regions) / 0x10))
                0x20004000                PROVIDE (__cy_stack, (ORIGIN (ram) + 0x4000))
                0x20003800                PROVIDE (__cy_heap_end, (__cy_stack - 0x800))

.cybootloader   0x00000000        0x0
 *(.cybootloader)
                0x00000000                appl1_start = CY_APPL_ORIGIN?CY_APPL_ORIGIN:ALIGN (CY_FLASH_ROW_SIZE)
                0x0000ff80                appl2_start = (appl1_start + ALIGN ((((0x20000 - appl1_start) - (0x2 * CY_FLASH_ROW_SIZE)) / 0x2), CY_FLASH_ROW_SIZE))
                0x00000000                appl_start = (CY_APPL_NUM == 0x1)?appl1_start:appl2_start

.text           0x00000000     0x14c8
 CREATE_OBJECT_SYMBOLS
                0x00000000                PROVIDE (__cy_interrupt_vector, RomVectors)
 *(.romvectors)
 .romvectors    0x00000000       0x10 .\CortexM0\ARM_GCC_484\Debug\Cm0Start.o
                0x00000000                RomVectors
                0x00000001                ASSERT ((. != __cy_interrupt_vector), No interrupt vector)
                0x00000001                ASSERT (CY_APPL_ORIGIN?(SIZEOF (.cybootloader) <= CY_APPL_ORIGIN):0x1, Wrong image location)
                0x00000010                PROVIDE (__cy_reset, Reset)
 *(.text.Reset)
 .text.Reset    0x00000010        0x8 .\CortexM0\ARM_GCC_484\Debug\Cm0Start.o
                0x00000010                Reset
                0x00000001                ASSERT ((. != __cy_reset), No reset code)
 *(.psocinit)
 .psocinit      0x00000018      0x2ac .\CortexM0\ARM_GCC_484\Debug\BLE Lab 2.a(cyfitter_cfg.o)
                0x00000198                cyfitter_cfg
                0x000002c4                . = MAX (., 0x100)
 *(.text .text.* .gnu.linkonce.t.*)
 .text          0x000002c4       0x60 c:/program files (x86)/cypress/psoc creator/3.1/psoc creator/import/gnu_cs/arm/4.8.4/bin/../lib/gcc/arm-none-eabi/4.8.4/armv6-m/crtbegin.o
 .text.main     0x00000324       0x28 .\CortexM0\ARM_GCC_484\Debug\main.o
                0x00000324                main
 .text.StackEventHandler
                0x0000034c       0x24 .\CortexM0\ARM_GCC_484\Debug\main.o
                0x0000034c                StackEventHandler
 .text.IasEventHandler
                0x00000370       0x34 .\CortexM0\ARM_GCC_484\Debug\main.o
                0x00000370                IasEventHandler
 .text.HandleAlertLEDs
                0x000003a4       0x40 .\CortexM0\ARM_GCC_484\Debug\main.o
                0x000003a4                HandleAlertLEDs
 .text.IntDefaultHandler
                0x000003e4        0x8 .\CortexM0\ARM_GCC_484\Debug\Cm0Start.o
                0x000003e4                IntDefaultHandler
 .text.Start_c  0x000003ec       0x98 .\CortexM0\ARM_GCC_484\Debug\Cm0Start.o
                0x000003ec                Start_c
 .text.initialize_psoc
                0x00000484       0x70 .\CortexM0\ARM_GCC_484\Debug\Cm0Start.o
                0x00000484                initialize_psoc
 .text.CYMEMZERO
                0x000004f4       0x20 .\CortexM0\ARM_GCC_484\Debug\BLE Lab 2.a(cyfitter_cfg.o)
 .text.cfg_write_bytes32
                0x00000514       0x80 .\CortexM0\ARM_GCC_484\Debug\BLE Lab 2.a(cyfitter_cfg.o)
 .text.AnalogSetDefault
                0x00000594       0x28 .\CortexM0\ARM_GCC_484\Debug\BLE Lab 2.a(cyfitter_cfg.o)
 .text.PWM_Init
                0x000005bc       0x54 .\CortexM0\ARM_GCC_484\Debug\BLE Lab 2.a(PWM.o)
                0x000005bc                PWM_Init
 .text.PWM_Enable
                0x00000610       0x38 .\CortexM0\ARM_GCC_484\Debug\BLE Lab 2.a(PWM.o)
                0x00000610                PWM_Enable
 .text.PWM_Start
                0x00000648       0x24 .\CortexM0\ARM_GCC_484\Debug\BLE Lab 2.a(PWM.o)
                0x00000648                PWM_Start
 .text.PWM_WriteCounter
                0x0000066c       0x1c .\CortexM0\ARM_GCC_484\Debug\BLE Lab 2.a(PWM.o)
                0x0000066c                PWM_WriteCounter
 .text.PWM_WritePeriod
                0x00000688       0x1c .\CortexM0\ARM_GCC_484\Debug\BLE Lab 2.a(PWM.o)
                0x00000688                PWM_WritePeriod
 .text.PWM_WriteCompare
                0x000006a4       0x1c .\CortexM0\ARM_GCC_484\Debug\BLE Lab 2.a(PWM.o)
                0x000006a4                PWM_WriteCompare
 .text.PWM_TriggerCommand
                0x000006c0       0x3c .\CortexM0\ARM_GCC_484\Debug\BLE Lab 2.a(PWM.o)
                0x000006c0                PWM_TriggerCommand
 .text.PWM_SetInterruptMode
                0x000006fc       0x18 .\CortexM0\ARM_GCC_484\Debug\BLE Lab 2.a(PWM.o)
                0x000006fc                PWM_SetInterruptMode
 *fill*         0x00000714        0x4 
 .text          0x00000718       0x20 .\CortexM0\ARM_GCC_484\Debug\BLE Lab 2.a(CyBootAsmGnu.o)
                0x00000718                CyDelayCycles
                0x0000072a                CyEnterCriticalSection
                0x00000732                CyExitCriticalSection
 .text.CySysClkWcoSetHighPowerMode
                0x00000738       0x3c .\CortexM0\ARM_GCC_484\Debug\BLE Lab 2.a(CyLib.o)
 .text.CySysClkWcoSetLowPowerMode
                0x00000774       0x48 .\CortexM0\ARM_GCC_484\Debug\BLE Lab 2.a(CyLib.o)
 .text.CySysClkEcoStart
                0x000007bc       0x74 .\CortexM0\ARM_GCC_484\Debug\BLE Lab 2.a(CyLib.o)
                0x000007bc                CySysClkEcoStart
 .text.CySysClkEcoReadStatus
                0x00000830       0x18 .\CortexM0\ARM_GCC_484\Debug\BLE Lab 2.a(CyLib.o)
                0x00000830                CySysClkEcoReadStatus
 .text.CySysClkWcoStart
                0x00000848       0x20 .\CortexM0\ARM_GCC_484\Debug\BLE Lab 2.a(CyLib.o)
                0x00000848                CySysClkWcoStart
 .text.CySysClkWcoSetPowerMode
                0x00000868       0x40 .\CortexM0\ARM_GCC_484\Debug\BLE Lab 2.a(CyLib.o)
                0x00000868                CySysClkWcoSetPowerMode
 .text.CyHalt   0x000008a8       0x14 .\CortexM0\ARM_GCC_484\Debug\BLE Lab 2.a(CyLib.o)
                0x000008a8                CyHalt
 .text.CyDelay  0x000008bc       0x48 .\CortexM0\ARM_GCC_484\Debug\BLE Lab 2.a(CyLib.o)
                0x000008bc                CyDelay
 .text.CyDelayUs
                0x00000904       0x28 .\CortexM0\ARM_GCC_484\Debug\BLE Lab 2.a(CyLib.o)
                0x00000904                CyDelayUs
 .text.CyBle_Init
                0x0000092c       0x2c .\CortexM0\ARM_GCC_484\Debug\BLE Lab 2.a(BLE.o)
                0x0000092c                CyBle_Init
 .text.CyBle_ServiceInit
                0x00000958        0xc .\CortexM0\ARM_GCC_484\Debug\BLE Lab 2.a(BLE.o)
                0x00000958                CyBle_ServiceInit
 .text.CyBle_Start
                0x00000964       0x90 .\CortexM0\ARM_GCC_484\Debug\BLE Lab 2.a(BLE.o)
                0x00000964                CyBle_Start
 .text.CyBle_GappStartAdvertisement
                0x000009f4       0xc4 .\CortexM0\ARM_GCC_484\Debug\BLE Lab 2.a(BLE.o)
                0x000009f4                CyBle_GappStartAdvertisement
 .text.CyBle_ChangeAdDeviceAddress
                0x00000ab8       0x60 .\CortexM0\ARM_GCC_484\Debug\BLE Lab 2.a(BLE.o)
                0x00000ab8                CyBle_ChangeAdDeviceAddress
 .text.CyBle_Get16ByPtr
                0x00000b18       0x24 .\CortexM0\ARM_GCC_484\Debug\BLE Lab 2.a(BLE.o)
                0x00000b18                CyBle_Get16ByPtr
 .text.CyBle_GattsWriteEventHandler
                0x00000b3c       0xa0 .\CortexM0\ARM_GCC_484\Debug\BLE Lab 2.a(BLE_gatt.o)
                0x00000b3c                CyBle_GattsWriteEventHandler
 .text.CyBle_IasInit
                0x00000bdc        0x8 .\CortexM0\ARM_GCC_484\Debug\BLE Lab 2.a(BLE_ias.o)
                0x00000bdc                CyBle_IasInit
 .text.CyBle_IasRegisterAttrCallback
                0x00000be4       0x18 .\CortexM0\ARM_GCC_484\Debug\BLE Lab 2.a(BLE_ias.o)
                0x00000be4                CyBle_IasRegisterAttrCallback
 .text.CyBle_IassDisconnectEventHandler
                0x00000bfc       0x38 .\CortexM0\ARM_GCC_484\Debug\BLE Lab 2.a(BLE_ias.o)
                0x00000bfc                CyBle_IassDisconnectEventHandler
 .text.CyBle_IassWriteCmdEventHandler
                0x00000c34       0x90 .\CortexM0\ARM_GCC_484\Debug\BLE Lab 2.a(BLE_ias.o)
                0x00000c34                CyBle_IassWriteCmdEventHandler
 .text.CyBle_IassGetCharacteristicValue
                0x00000cc4       0x78 .\CortexM0\ARM_GCC_484\Debug\BLE Lab 2.a(BLE_ias.o)
                0x00000cc4                CyBle_IassGetCharacteristicValue
 .text.CyBle_WriteReqHandler
                0x00000d3c       0x70 .\CortexM0\ARM_GCC_484\Debug\BLE Lab 2.a(BLE_eventHandler.o)
 .text.CyBle_ValueConfirmation
                0x00000dac       0x10 .\CortexM0\ARM_GCC_484\Debug\BLE Lab 2.a(BLE_eventHandler.o)
 .text.CyBle_GattDisconnectEventHandler
                0x00000dbc       0x1c .\CortexM0\ARM_GCC_484\Debug\BLE Lab 2.a(BLE_eventHandler.o)
 .text.CyBle_TimeOutEventHandler
                0x00000dd8       0x10 .\CortexM0\ARM_GCC_484\Debug\BLE Lab 2.a(BLE_eventHandler.o)
 .text.CyBle_GattConnectReqHandler
                0x00000de8        0x8 .\CortexM0\ARM_GCC_484\Debug\BLE Lab 2.a(BLE_eventHandler.o)
 .text.CyBle_IsDeviceAddressValid
                0x00000df0       0x60 .\CortexM0\ARM_GCC_484\Debug\BLE Lab 2.a(BLE_eventHandler.o)
 .text.CyBle_L2Cap_ConnParamUpdateRspEventHandler
                0x00000e50       0x14 .\CortexM0\ARM_GCC_484\Debug\BLE Lab 2.a(BLE_eventHandler.o)
 .text.CyBle_GapConnUpdateCompleteEventHandler
                0x00000e64       0x10 .\CortexM0\ARM_GCC_484\Debug\BLE Lab 2.a(BLE_eventHandler.o)
 .text.CyBle_EventHandler
                0x00000e74      0x2d4 .\CortexM0\ARM_GCC_484\Debug\BLE Lab 2.a(BLE_eventHandler.o)
                0x00000e74                CyBle_EventHandler
 .text.CySysPmSleep
                0x00001148       0x34 .\CortexM0\ARM_GCC_484\Debug\BLE Lab 2.a(cyPm.o)
                0x00001148                CySysPmSleep
 .text.CyBLE_Bless_LlRegWrite
                0x0000117c       0x1c .\CortexM0\ARM_GCC_484\Debug\BLE Lab 2.a(BLE_HAL_PVT.o)
                0x0000117c                CyBLE_Bless_LlRegWrite
 .text.CyBLE_Bless_RfRegWrite
                0x00001198       0x1c .\CortexM0\ARM_GCC_484\Debug\BLE Lab 2.a(BLE_HAL_PVT.o)
                0x00001198                CyBLE_Bless_RfRegWrite
 .text.CyBleHal_DelayUs
                0x000011b4       0x1c .\CortexM0\ARM_GCC_484\Debug\BLE Lab 2.a(BLE_HAL_PVT.o)
                0x000011b4                CyBleHal_DelayUs
 .text.CyBleHal_EnableGlobalInterrupts
                0x000011d0        0xc .\CortexM0\ARM_GCC_484\Debug\BLE Lab 2.a(BLE_HAL_PVT.o)
                0x000011d0                CyBleHal_EnableGlobalInterrupts
 .text.CyBleHal_DisableGlobalInterrupts
                0x000011dc        0xc .\CortexM0\ARM_GCC_484\Debug\BLE Lab 2.a(BLE_HAL_PVT.o)
                0x000011dc                CyBleHal_DisableGlobalInterrupts
 .text.CyBle_HalInit
                0x000011e8       0x20 .\CortexM0\ARM_GCC_484\Debug\BLE Lab 2.a(BLE_HAL_PVT.o)
                0x000011e8                CyBle_HalInit
 .text.CYBLE_BlessStart
                0x00001208       0x14 .\CortexM0\ARM_GCC_484\Debug\BLE Lab 2.a(BLE_HAL_PVT.o)
                0x00001208                CYBLE_BlessStart
 .text.BLE_bless_isr_StartEx
                0x0000121c       0x24 .\CortexM0\ARM_GCC_484\Debug\BLE Lab 2.a(BLE_bless_isr.o)
                0x0000121c                BLE_bless_isr_StartEx
 .text.BLE_bless_isr_SetVector
                0x00001240       0x18 .\CortexM0\ARM_GCC_484\Debug\BLE Lab 2.a(BLE_bless_isr.o)
                0x00001240                BLE_bless_isr_SetVector
 .text.BLE_bless_isr_SetPriority
                0x00001258       0x50 .\CortexM0\ARM_GCC_484\Debug\BLE Lab 2.a(BLE_bless_isr.o)
                0x00001258                BLE_bless_isr_SetPriority
 .text.BLE_bless_isr_Enable
                0x000012a8       0x14 .\CortexM0\ARM_GCC_484\Debug\BLE Lab 2.a(BLE_bless_isr.o)
                0x000012a8                BLE_bless_isr_Enable
 .text.BLE_bless_isr_Disable
                0x000012bc       0x14 .\CortexM0\ARM_GCC_484\Debug\BLE Lab 2.a(BLE_bless_isr.o)
                0x000012bc                BLE_bless_isr_Disable
 .text.CyBLE_Bless_Interrupt
                0x000012d0        0xc .\CortexM0\ARM_GCC_484\Debug\BLE Lab 2.a(BLE_HAL_INT.o)
                0x000012d0                CyBLE_Bless_Interrupt
 .text          0x000012dc       0x9c c:/program files (x86)/cypress/psoc creator/3.1/psoc creator/import/gnu_cs/arm/4.8.4/bin/../lib/gcc/arm-none-eabi/4.8.4/armv6-m\libgcc.a(_udivsi3.o)
                0x000012dc                __aeabi_uidiv
                0x000012dc                __udivsi3
                0x00001364                __aeabi_uidivmod
 .text          0x00001378       0xc0 c:/program files (x86)/cypress/psoc creator/3.1/psoc creator/import/gnu_cs/arm/4.8.4/bin/../lib/gcc/arm-none-eabi/4.8.4/armv6-m\libgcc.a(_divsi3.o)
                0x00001378                __divsi3
                0x00001378                __aeabi_idiv
                0x00001424                __aeabi_idivmod
 .text          0x00001438        0x4 c:/program files (x86)/cypress/psoc creator/3.1/psoc creator/import/gnu_cs/arm/4.8.4/bin/../lib/gcc/arm-none-eabi/4.8.4/armv6-m\libgcc.a(_dvmd_tls.o)
                0x00001438                __aeabi_idiv0
                0x00001438                __aeabi_ldiv0
 .text.__libc_init_array
                0x0000143c       0x4c c:/program files (x86)/cypress/psoc creator/3.1/psoc creator/import/gnu_cs/arm/4.8.4/bin/../lib/gcc/arm-none-eabi/4.8.4/../../../../arm-none-eabi/lib/armv6-m\libg_s.a(lib_a-init.o)
                0x0000143c                __libc_init_array
 .text.memcmp   0x00001488       0x1e c:/program files (x86)/cypress/psoc creator/3.1/psoc creator/import/gnu_cs/arm/4.8.4/bin/../lib/gcc/arm-none-eabi/4.8.4/../../../../arm-none-eabi/lib/armv6-m\libg_s.a(lib_a-memcmp.o)
                0x00001488                memcmp
 .text.memcpy   0x000014a6       0x12 c:/program files (x86)/cypress/psoc creator/3.1/psoc creator/import/gnu_cs/arm/4.8.4/bin/../lib/gcc/arm-none-eabi/4.8.4/../../../../arm-none-eabi/lib/armv6-m\libg_s.a(lib_a-memcpy-stub.o)
                0x000014a6                memcpy
 .text.memset   0x000014b8       0x10 c:/program files (x86)/cypress/psoc creator/3.1/psoc creator/import/gnu_cs/arm/4.8.4/bin/../lib/gcc/arm-none-eabi/4.8.4/../../../../arm-none-eabi/lib/armv6-m\libg_s.a(lib_a-memset.o)
                0x000014b8                memset
 *(.plt)
 *(.gnu.warning)
 *(.glue_7t)
 .glue_7t       0x00000000        0x0 linker stubs
 *(.glue_7)
 .glue_7        0x00000000        0x0 linker stubs
 *(.vfp11_veneer)
 .vfp11_veneer  0x00000000        0x0 linker stubs
 *(.bootloader)
 *(.ARM.extab* .gnu.linkonce.armextab.*)
 *(.gcc_except_table)

.v4_bx          0x000014c8        0x0
 .v4_bx         0x00000000        0x0 linker stubs

.iplt           0x000014c8        0x0
 .iplt          0x00000000        0x0 c:/program files (x86)/cypress/psoc creator/3.1/psoc creator/import/gnu_cs/arm/4.8.4/bin/../lib/gcc/arm-none-eabi/4.8.4/armv6-m/crtbegin.o

i.CyBle_ExitLPM
                0x000014c8        0x8
 i.CyBle_ExitLPM
                0x000014c8        0x8 C:\Program Files (x86)\Cypress\PSoC Creator\3.1\PSoC Creator\psoc\content\cycomponentlibrary\CyComponentLibrary.cylib\BLE_v1_20\Library\gccCyBLEStack_BLE_SOC_PERIPHERAL.a(CyBle.o)
                0x000014c8                CyBle_ExitLPM

i.CyBle_ProcessEvents
                0x000014d0        0x8
 i.CyBle_ProcessEvents
                0x000014d0        0x8 C:\Program Files (x86)\Cypress\PSoC Creator\3.1\PSoC Creator\psoc\content\cycomponentlibrary\CyComponentLibrary.cylib\BLE_v1_20\Library\gccCyBLEStack_BLE_SOC_PERIPHERAL.a(CyBle.o)
                0x000014d0                CyBle_ProcessEvents

i.CyBle_SetDeviceAddress
                0x000014d8       0x24
 i.CyBle_SetDeviceAddress
                0x000014d8       0x24 C:\Program Files (x86)\Cypress\PSoC Creator\3.1\PSoC Creator\psoc\content\cycomponentlibrary\CyComponentLibrary.cylib\BLE_v1_20\Library\gccCyBLEStack_BLE_SOC_PERIPHERAL.a(CyBle.o)
                0x000014d8                CyBle_SetDeviceAddress

i.CyBle_StackInit
                0x000014fc       0x84
 i.CyBle_StackInit
                0x000014fc       0x84 C:\Program Files (x86)\Cypress\PSoC Creator\3.1\PSoC Creator\psoc\content\cycomponentlibrary\CyComponentLibrary.cylib\BLE_v1_20\Library\gccCyBLEStack_BLE_SOC_PERIPHERAL.a(CyBle.o)
                0x000014fc                CyBle_StackInit

i.CyBleStackMgr_BleGetConfigData
                0x00001580        0x4
 i.CyBleStackMgr_BleGetConfigData
                0x00001580        0x4 C:\Program Files (x86)\Cypress\PSoC Creator\3.1\PSoC Creator\psoc\content\cycomponentlibrary\CyComponentLibrary.cylib\BLE_v1_20\Library\gccCyBLEStack_BLE_SOC_PERIPHERAL.a(CyBleStackMgrIP_Interface.o)
                0x00001580                CyBleStackMgr_BleGetConfigData

i.CyBleStackMgr_BleSetConfigData
                0x00001584        0x4
 i.CyBleStackMgr_BleSetConfigData
                0x00001584        0x4 C:\Program Files (x86)\Cypress\PSoC Creator\3.1\PSoC Creator\psoc\content\cycomponentlibrary\CyComponentLibrary.cylib\BLE_v1_20\Library\gccCyBLEStack_BLE_SOC_PERIPHERAL.a(CyBleStackMgrIP_Interface.o)
                0x00001584                CyBleStackMgr_BleSetConfigData

i.CyBleStackMgr_Init
                0x00001588      0x104
 i.CyBleStackMgr_Init
                0x00001588      0x104 C:\Program Files (x86)\Cypress\PSoC Creator\3.1\PSoC Creator\psoc\content\cycomponentlibrary\CyComponentLibrary.cylib\BLE_v1_20\Library\gccCyBLEStack_BLE_SOC_PERIPHERAL.a(CyBleStackMgrIP_Interface.o)
                0x00001588                CyBleStackMgr_Init

i.CyBleStackMgr_ProcessBleEvents
                0x0000168c       0x14
 i.CyBleStackMgr_ProcessBleEvents
                0x0000168c       0x14 C:\Program Files (x86)\Cypress\PSoC Creator\3.1\PSoC Creator\psoc\content\cycomponentlibrary\CyComponentLibrary.cylib\BLE_v1_20\Library\gccCyBLEStack_BLE_SOC_PERIPHERAL.a(CyBleStackMgrIP_Interface.o)
                0x0000168c                CyBleStackMgr_ProcessBleEvents

i.ble_stack_idle_task_callback
                0x000016a0        0x2
 i.ble_stack_idle_task_callback
                0x000016a0        0x2 C:\Program Files (x86)\Cypress\PSoC Creator\3.1\PSoC Creator\psoc\content\cycomponentlibrary\CyComponentLibrary.cylib\BLE_v1_20\Library\gccCyBLEStack_BLE_SOC_PERIPHERAL.a(CyBleStackMgrIP_Interface.o)
                0x000016a0                ble_stack_idle_task_callback

i.BT_OSFreeBuf  0x000016a4       0x18
 i.BT_OSFreeBuf
                0x000016a4       0x18 C:\Program Files (x86)\Cypress\PSoC Creator\3.1\PSoC Creator\psoc\content\cycomponentlibrary\CyComponentLibrary.cylib\BLE_v1_20\Library\gccCyBLEStack_BLE_SOC_PERIPHERAL.a(BT_os.o)
                0x000016a4                BT_OSFreeBuf

i.BT_OSGetBuF   0x000016bc       0x1c
 i.BT_OSGetBuF  0x000016bc       0x1c C:\Program Files (x86)\Cypress\PSoC Creator\3.1\PSoC Creator\psoc\content\cycomponentlibrary\CyComponentLibrary.cylib\BLE_v1_20\Library\gccCyBLEStack_BLE_SOC_PERIPHERAL.a(BT_os.o)
                0x000016bc                BT_OSGetBuF

i.BT_OSMemCreate
                0x000016d8       0x1c
 i.BT_OSMemCreate
                0x000016d8       0x1c C:\Program Files (x86)\Cypress\PSoC Creator\3.1\PSoC Creator\psoc\content\cycomponentlibrary\CyComponentLibrary.cylib\BLE_v1_20\Library\gccCyBLEStack_BLE_SOC_PERIPHERAL.a(BT_os.o)
                0x000016d8                BT_OSMemCreate

i.BT_alloc_mem_ext
                0x000016f4       0x34
 i.BT_alloc_mem_ext
                0x000016f4       0x34 C:\Program Files (x86)\Cypress\PSoC Creator\3.1\PSoC Creator\psoc\content\cycomponentlibrary\CyComponentLibrary.cylib\BLE_v1_20\Library\gccCyBLEStack_BLE_SOC_PERIPHERAL.a(BT_os.o)
                0x000016f4                BT_alloc_mem_ext

i.BT_free_mem   0x00001728        0xc
 i.BT_free_mem  0x00001728        0xc C:\Program Files (x86)\Cypress\PSoC Creator\3.1\PSoC Creator\psoc\content\cycomponentlibrary\CyComponentLibrary.cylib\BLE_v1_20\Library\gccCyBLEStack_BLE_SOC_PERIPHERAL.a(BT_os.o)
                0x00001728                BT_free_mem

i.bt_stack_init_os
                0x00001734       0x34
 i.bt_stack_init_os
                0x00001734       0x34 C:\Program Files (x86)\Cypress\PSoC Creator\3.1\PSoC Creator\psoc\content\cycomponentlibrary\CyComponentLibrary.cylib\BLE_v1_20\Library\gccCyBLEStack_BLE_SOC_PERIPHERAL.a(BT_os.o)
                0x00001734                bt_stack_init_os

i.CyBle_CheckBleStackTaskStatus
                0x00001768        0x4
 i.CyBle_CheckBleStackTaskStatus
                0x00001768        0x4 C:\Program Files (x86)\Cypress\PSoC Creator\3.1\PSoC Creator\psoc\content\cycomponentlibrary\CyComponentLibrary.cylib\BLE_v1_20\Library\gccCyBLEStack_BLE_SOC_PERIPHERAL.a(CyBleStackMgr_StackTaskHandler.o)
                0x00001768                CyBle_CheckBleStackTaskStatus

i.CyBle_CreateBleStackTask
                0x0000176c       0x2c
 i.CyBle_CreateBleStackTask
                0x0000176c       0x2c C:\Program Files (x86)\Cypress\PSoC Creator\3.1\PSoC Creator\psoc\content\cycomponentlibrary\CyComponentLibrary.cylib\BLE_v1_20\Library\gccCyBLEStack_BLE_SOC_PERIPHERAL.a(CyBleStackMgr_StackTaskHandler.o)
                0x0000176c                CyBle_CreateBleStackTask

i.CyBle_SignalBleStackTask
                0x00001798       0x50
 i.CyBle_SignalBleStackTask
                0x00001798       0x50 C:\Program Files (x86)\Cypress\PSoC Creator\3.1\PSoC Creator\psoc\content\cycomponentlibrary\CyComponentLibrary.cylib\BLE_v1_20\Library\gccCyBLEStack_BLE_SOC_PERIPHERAL.a(CyBleStackMgr_StackTaskHandler.o)
                0x00001798                CyBle_SignalBleStackTask

i.CyBle_StackTaskHandler
                0x000017e8       0x5c
 i.CyBle_StackTaskHandler
                0x000017e8       0x5c C:\Program Files (x86)\Cypress\PSoC Creator\3.1\PSoC Creator\psoc\content\cycomponentlibrary\CyComponentLibrary.cylib\BLE_v1_20\Library\gccCyBLEStack_BLE_SOC_PERIPHERAL.a(CyBleStackMgr_StackTaskHandler.o)
                0x000017e8                CyBle_StackTaskHandler

i.__ARM_common_switch8
                0x00001844       0x1a
 i.__ARM_common_switch8
                0x00001844       0x1a C:\Program Files (x86)\Cypress\PSoC Creator\3.1\PSoC Creator\psoc\content\cycomponentlibrary\CyComponentLibrary.cylib\BLE_v1_20\Library\gccCyBLEStack_BLE_SOC_PERIPHERAL.a(CyBleStackMgr_StackTaskHandler.o)
                0x00001844                __ARM_common_switch8

i.hci_soft_transport_notify_data_received
                0x00001860        0xc
 i.hci_soft_transport_notify_data_received
                0x00001860        0xc C:\Program Files (x86)\Cypress\PSoC Creator\3.1\PSoC Creator\psoc\content\cycomponentlibrary\CyComponentLibrary.cylib\BLE_v1_20\Library\gccCyBLEStack_BLE_SOC_PERIPHERAL.a(transport_sf.o)
                0x00001860                hci_soft_transport_notify_data_received

i.hci_soft_transport_rx_data
                0x0000186c       0x40
 i.hci_soft_transport_rx_data
                0x0000186c       0x40 C:\Program Files (x86)\Cypress\PSoC Creator\3.1\PSoC Creator\psoc\content\cycomponentlibrary\CyComponentLibrary.cylib\BLE_v1_20\Library\gccCyBLEStack_BLE_SOC_PERIPHERAL.a(transport_sf.o)
                0x0000186c                hci_soft_transport_rx_data

i.hci_transport_bt_init
                0x000018ac        0x2
 i.hci_transport_bt_init
                0x000018ac        0x2 C:\Program Files (x86)\Cypress\PSoC Creator\3.1\PSoC Creator\psoc\content\cycomponentlibrary\CyComponentLibrary.cylib\BLE_v1_20\Library\gccCyBLEStack_BLE_SOC_PERIPHERAL.a(transport_sf.o)
                0x000018ac                hci_transport_bt_init

i.hci_transport_init
                0x000018b0       0x10
 i.hci_transport_init
                0x000018b0       0x10 C:\Program Files (x86)\Cypress\PSoC Creator\3.1\PSoC Creator\psoc\content\cycomponentlibrary\CyComponentLibrary.cylib\BLE_v1_20\Library\gccCyBLEStack_BLE_SOC_PERIPHERAL.a(transport_sf.o)
                0x000018b0                hci_transport_init

i.hci_transport_write_data
                0x000018c0       0xd4
 i.hci_transport_write_data
                0x000018c0       0xd4 C:\Program Files (x86)\Cypress\PSoC Creator\3.1\PSoC Creator\psoc\content\cycomponentlibrary\CyComponentLibrary.cylib\BLE_v1_20\Library\gccCyBLEStack_BLE_SOC_PERIPHERAL.a(transport_sf.o)
                0x000018c0                hci_transport_write_data

i.pf_hci_soft_transport_write
                0x00001994       0x44
 i.pf_hci_soft_transport_write
                0x00001994       0x44 C:\Program Files (x86)\Cypress\PSoC Creator\3.1\PSoC Creator\psoc\content\cycomponentlibrary\CyComponentLibrary.cylib\BLE_v1_20\Library\gccCyBLEStack_BLE_SOC_PERIPHERAL.a(transport_sf.o)
                0x00001994                pf_hci_soft_transport_write

i.pf_soft_hci_transport_init
                0x000019d8        0xc
 i.pf_soft_hci_transport_init
                0x000019d8        0xc C:\Program Files (x86)\Cypress\PSoC Creator\3.1\PSoC Creator\psoc\content\cycomponentlibrary\CyComponentLibrary.cylib\BLE_v1_20\Library\gccCyBLEStack_BLE_SOC_PERIPHERAL.a(transport_sf.o)
                0x000019d8                pf_soft_hci_transport_init

i.CyBleStackMgr_GetTime
                0x000019e4       0x14
 i.CyBleStackMgr_GetTime
                0x000019e4       0x14 C:\Program Files (x86)\Cypress\PSoC Creator\3.1\PSoC Creator\psoc\content\cycomponentlibrary\CyComponentLibrary.cylib\BLE_v1_20\Library\gccCyBLEStack_BLE_SOC_PERIPHERAL.a(CyBleStackMgr_PSoCHal.o)
                0x000019e4                CyBleStackMgr_GetTime

i.CyBleStackMgr_HalInit
                0x000019f8       0x24
 i.CyBleStackMgr_HalInit
                0x000019f8       0x24 C:\Program Files (x86)\Cypress\PSoC Creator\3.1\PSoC Creator\psoc\content\cycomponentlibrary\CyComponentLibrary.cylib\BLE_v1_20\Library\gccCyBLEStack_BLE_SOC_PERIPHERAL.a(CyBleStackMgr_PSoCHal.o)
                0x000019f8                CyBleStackMgr_HalInit

i.CyBleStackMgr_HalIntrEnable
                0x00001a1c        0x8
 i.CyBleStackMgr_HalIntrEnable
                0x00001a1c        0x8 C:\Program Files (x86)\Cypress\PSoC Creator\3.1\PSoC Creator\psoc\content\cycomponentlibrary\CyComponentLibrary.cylib\BLE_v1_20\Library\gccCyBLEStack_BLE_SOC_PERIPHERAL.a(CyBleStackMgr_PSoCHal.o)
                0x00001a1c                CyBleStackMgr_HalIntrEnable

i.CyBleStackMgr_HandleLinkLayerTick
                0x00001a24       0x5c
 i.CyBleStackMgr_HandleLinkLayerTick
                0x00001a24       0x5c C:\Program Files (x86)\Cypress\PSoC Creator\3.1\PSoC Creator\psoc\content\cycomponentlibrary\CyComponentLibrary.cylib\BLE_v1_20\Library\gccCyBLEStack_BLE_SOC_PERIPHERAL.a(CyBleStackMgr_PSoCHal.o)
                0x00001a24                CyBleStackMgr_HandleLinkLayerTick

i.CyBleStackMgr_HciPortInit
                0x00001a80        0xc
 i.CyBleStackMgr_HciPortInit
                0x00001a80        0xc C:\Program Files (x86)\Cypress\PSoC Creator\3.1\PSoC Creator\psoc\content\cycomponentlibrary\CyComponentLibrary.cylib\BLE_v1_20\Library\gccCyBLEStack_BLE_SOC_PERIPHERAL.a(CyBleStackMgr_PSoCHal.o)
                0x00001a80                CyBleStackMgr_HciPortInit

i.CyBleStackMgr_HciPortReset
                0x00001a8c        0x2
 i.CyBleStackMgr_HciPortReset
                0x00001a8c        0x2 C:\Program Files (x86)\Cypress\PSoC Creator\3.1\PSoC Creator\psoc\content\cycomponentlibrary\CyComponentLibrary.cylib\BLE_v1_20\Library\gccCyBLEStack_BLE_SOC_PERIPHERAL.a(CyBleStackMgr_PSoCHal.o)
                0x00001a8c                CyBleStackMgr_HciPortReset

i.CyBleStackMgr_HciPortWrite
                0x00001a8e        0x8
 i.CyBleStackMgr_HciPortWrite
                0x00001a8e        0x8 C:\Program Files (x86)\Cypress\PSoC Creator\3.1\PSoC Creator\psoc\content\cycomponentlibrary\CyComponentLibrary.cylib\BLE_v1_20\Library\gccCyBLEStack_BLE_SOC_PERIPHERAL.a(CyBleStackMgr_PSoCHal.o)
                0x00001a8e                CyBleStackMgr_HciPortWrite

i.CyBleStackMgr_ResetLinkLayerTimerEntity
                0x00001a98       0x14
 i.CyBleStackMgr_ResetLinkLayerTimerEntity
                0x00001a98       0x14 C:\Program Files (x86)\Cypress\PSoC Creator\3.1\PSoC Creator\psoc\content\cycomponentlibrary\CyComponentLibrary.cylib\BLE_v1_20\Library\gccCyBLEStack_BLE_SOC_PERIPHERAL.a(CyBleStackMgr_PSoCHal.o)
                0x00001a98                CyBleStackMgr_ResetLinkLayerTimerEntity

i.CyBleStackMgr_TimerStart
                0x00001aac       0x2c
 i.CyBleStackMgr_TimerStart
                0x00001aac       0x2c C:\Program Files (x86)\Cypress\PSoC Creator\3.1\PSoC Creator\psoc\content\cycomponentlibrary\CyComponentLibrary.cylib\BLE_v1_20\Library\gccCyBLEStack_BLE_SOC_PERIPHERAL.a(CyBleStackMgr_PSoCHal.o)
                0x00001aac                CyBleStackMgr_TimerStart

i.CyBleStackMgr_TimerStop
                0x00001ad8       0x18
 i.CyBleStackMgr_TimerStop
                0x00001ad8       0x18 C:\Program Files (x86)\Cypress\PSoC Creator\3.1\PSoC Creator\psoc\content\cycomponentlibrary\CyComponentLibrary.cylib\BLE_v1_20\Library\gccCyBLEStack_BLE_SOC_PERIPHERAL.a(CyBleStackMgr_PSoCHal.o)
                0x00001ad8                CyBleStackMgr_TimerStop

i.CyBleStackMgr_isTimerRunning
                0x00001af0       0x10
 i.CyBleStackMgr_isTimerRunning
                0x00001af0       0x10 C:\Program Files (x86)\Cypress\PSoC Creator\3.1\PSoC Creator\psoc\content\cycomponentlibrary\CyComponentLibrary.cylib\BLE_v1_20\Library\gccCyBLEStack_BLE_SOC_PERIPHERAL.a(CyBleStackMgr_PSoCHal.o)
                0x00001af0                CyBleStackMgr_isTimerRunning

i.CyBleAtlantisRadioInit
                0x00001b00      0x1ac
 i.CyBleAtlantisRadioInit
                0x00001b00      0x1ac C:\Program Files (x86)\Cypress\PSoC Creator\3.1\PSoC Creator\psoc\content\cycomponentlibrary\CyComponentLibrary.cylib\BLE_v1_20\Library\gccCyBLEStack_BLE_SOC_PERIPHERAL.a(CyBleStackMgr_BleSSDriver.o)

i.CyBleStackMgr_BleSSFifoRead
                0x00001cac       0x38
 i.CyBleStackMgr_BleSSFifoRead
                0x00001cac       0x38 C:\Program Files (x86)\Cypress\PSoC Creator\3.1\PSoC Creator\psoc\content\cycomponentlibrary\CyComponentLibrary.cylib\BLE_v1_20\Library\gccCyBLEStack_BLE_SOC_PERIPHERAL.a(CyBleStackMgr_BleSSDriver.o)
                0x00001cac                CyBleStackMgr_BleSSFifoRead

i.CyBleStackMgr_BleSSFifoWrite
                0x00001ce4       0x30
 i.CyBleStackMgr_BleSSFifoWrite
                0x00001ce4       0x30 C:\Program Files (x86)\Cypress\PSoC Creator\3.1\PSoC Creator\psoc\content\cycomponentlibrary\CyComponentLibrary.cylib\BLE_v1_20\Library\gccCyBLEStack_BLE_SOC_PERIPHERAL.a(CyBleStackMgr_BleSSDriver.o)
                0x00001ce4                CyBleStackMgr_BleSSFifoWrite

i.CyBleStackMgr_BleSSInit
                0x00001d14       0x50
 i.CyBleStackMgr_BleSSInit
                0x00001d14       0x50 C:\Program Files (x86)\Cypress\PSoC Creator\3.1\PSoC Creator\psoc\content\cycomponentlibrary\CyComponentLibrary.cylib\BLE_v1_20\Library\gccCyBLEStack_BLE_SOC_PERIPHERAL.a(CyBleStackMgr_BleSSDriver.o)
                0x00001d14                CyBleStackMgr_BleSSInit

i.CyBleStackMgr_BleSSMemRead
                0x00001d64       0x26
 i.CyBleStackMgr_BleSSMemRead
                0x00001d64       0x26 C:\Program Files (x86)\Cypress\PSoC Creator\3.1\PSoC Creator\psoc\content\cycomponentlibrary\CyComponentLibrary.cylib\BLE_v1_20\Library\gccCyBLEStack_BLE_SOC_PERIPHERAL.a(CyBleStackMgr_BleSSDriver.o)
                0x00001d64                CyBleStackMgr_BleSSMemRead

i.CyBleStackMgr_BleSSMemWrite
                0x00001d8c       0x34
 i.CyBleStackMgr_BleSSMemWrite
                0x00001d8c       0x34 C:\Program Files (x86)\Cypress\PSoC Creator\3.1\PSoC Creator\psoc\content\cycomponentlibrary\CyComponentLibrary.cylib\BLE_v1_20\Library\gccCyBLEStack_BLE_SOC_PERIPHERAL.a(CyBleStackMgr_BleSSDriver.o)
                0x00001d8c                CyBleStackMgr_BleSSMemWrite

i.CyBleStackMgr_BleSSRegRead
                0x00001dc0        0xc
 i.CyBleStackMgr_BleSSRegRead
                0x00001dc0        0xc C:\Program Files (x86)\Cypress\PSoC Creator\3.1\PSoC Creator\psoc\content\cycomponentlibrary\CyComponentLibrary.cylib\BLE_v1_20\Library\gccCyBLEStack_BLE_SOC_PERIPHERAL.a(CyBleStackMgr_BleSSDriver.o)
                0x00001dc0                CyBleStackMgr_BleSSRegRead

i.CyBleStackMgr_BleSSRegWrite
                0x00001dcc        0xc
 i.CyBleStackMgr_BleSSRegWrite
                0x00001dcc        0xc C:\Program Files (x86)\Cypress\PSoC Creator\3.1\PSoC Creator\psoc\content\cycomponentlibrary\CyComponentLibrary.cylib\BLE_v1_20\Library\gccCyBLEStack_BLE_SOC_PERIPHERAL.a(CyBleStackMgr_BleSSDriver.o)
                0x00001dcc                CyBleStackMgr_BleSSRegWrite

i.CyBleStackMgr_BleSSReset
                0x00001dd8       0x38
 i.CyBleStackMgr_BleSSReset
                0x00001dd8       0x38 C:\Program Files (x86)\Cypress\PSoC Creator\3.1\PSoC Creator\psoc\content\cycomponentlibrary\CyComponentLibrary.cylib\BLE_v1_20\Library\gccCyBLEStack_BLE_SOC_PERIPHERAL.a(CyBleStackMgr_BleSSDriver.o)
                0x00001dd8                CyBleStackMgr_BleSSReset

i.CyBleStackMgr_GenericIface
                0x00001e10       0x3c
 i.CyBleStackMgr_GenericIface
                0x00001e10       0x3c C:\Program Files (x86)\Cypress\PSoC Creator\3.1\PSoC Creator\psoc\content\cycomponentlibrary\CyComponentLibrary.cylib\BLE_v1_20\Library\gccCyBLEStack_BLE_SOC_PERIPHERAL.a(CyBleStackMgr_BleSSDriver.o)
                0x00001e10                CyBleStackMgr_GenericIface

i.CyBleStackMgr_HandleBleSSIntr
                0x00001e4c       0x90
 i.CyBleStackMgr_HandleBleSSIntr
                0x00001e4c       0x90 C:\Program Files (x86)\Cypress\PSoC Creator\3.1\PSoC Creator\psoc\content\cycomponentlibrary\CyComponentLibrary.cylib\BLE_v1_20\Library\gccCyBLEStack_BLE_SOC_PERIPHERAL.a(CyBleStackMgr_BleSSDriver.o)
                0x00001e4c                CyBleStackMgr_HandleBleSSIntr

i.CyBleStackMgr_SetClockParam
                0x00001edc       0xb4
 i.CyBleStackMgr_SetClockParam
                0x00001edc       0xb4 C:\Program Files (x86)\Cypress\PSoC Creator\3.1\PSoC Creator\psoc\content\cycomponentlibrary\CyComponentLibrary.cylib\BLE_v1_20\Library\gccCyBLEStack_BLE_SOC_PERIPHERAL.a(CyBleStackMgr_BleSSDriver.o)

i.CyBle_ExitDsmMode
                0x00001f90       0x2c
 i.CyBle_ExitDsmMode
                0x00001f90       0x2c C:\Program Files (x86)\Cypress\PSoC Creator\3.1\PSoC Creator\psoc\content\cycomponentlibrary\CyComponentLibrary.cylib\BLE_v1_20\Library\gccCyBLEStack_BLE_SOC_PERIPHERAL.a(CyBleStackMgr_BleSSDriver.o)
                0x00001f90                CyBle_ExitDsmMode

i.CyBle_GetBleSsOperationalMode
                0x00001fbc        0xc
 i.CyBle_GetBleSsOperationalMode
                0x00001fbc        0xc C:\Program Files (x86)\Cypress\PSoC Creator\3.1\PSoC Creator\psoc\content\cycomponentlibrary\CyComponentLibrary.cylib\BLE_v1_20\Library\gccCyBLEStack_BLE_SOC_PERIPHERAL.a(CyBleStackMgr_BleSSDriver.o)
                0x00001fbc                CyBle_GetBleSsOperationalMode

i.CyBle_GetLpMode
                0x00001fc8       0x26
 i.CyBle_GetLpMode
                0x00001fc8       0x26 C:\Program Files (x86)\Cypress\PSoC Creator\3.1\PSoC Creator\psoc\content\cycomponentlibrary\CyComponentLibrary.cylib\BLE_v1_20\Library\gccCyBLEStack_BLE_SOC_PERIPHERAL.a(CyBleStackMgr_BleSSDriver.o)
                0x00001fc8                CyBle_GetLpMode

i.CyBle_GetTxGainMode
                0x00001ff0       0x2c
 i.CyBle_GetTxGainMode
                0x00001ff0       0x2c C:\Program Files (x86)\Cypress\PSoC Creator\3.1\PSoC Creator\psoc\content\cycomponentlibrary\CyComponentLibrary.cylib\BLE_v1_20\Library\gccCyBLEStack_BLE_SOC_PERIPHERAL.a(CyBleStackMgr_BleSSDriver.o)
                0x00001ff0                CyBle_GetTxGainMode

i.CyBle_SetBleSsOperationalMode
                0x0000201c       0x20
 i.CyBle_SetBleSsOperationalMode
                0x0000201c       0x20 C:\Program Files (x86)\Cypress\PSoC Creator\3.1\PSoC Creator\psoc\content\cycomponentlibrary\CyComponentLibrary.cylib\BLE_v1_20\Library\gccCyBLEStack_BLE_SOC_PERIPHERAL.a(CyBleStackMgr_BleSSDriver.o)
                0x0000201c                CyBle_SetBleSsOperationalMode

i.CyBle_SetEventCloseState
                0x0000203c        0xc
 i.CyBle_SetEventCloseState
                0x0000203c        0xc C:\Program Files (x86)\Cypress\PSoC Creator\3.1\PSoC Creator\psoc\content\cycomponentlibrary\CyComponentLibrary.cylib\BLE_v1_20\Library\gccCyBLEStack_BLE_SOC_PERIPHERAL.a(CyBleStackMgr_BleSSDriver.o)
                0x0000203c                CyBle_SetEventCloseState

i.CyBle_SetRxGainMode
                0x00002048       0x20
 i.CyBle_SetRxGainMode
                0x00002048       0x20 C:\Program Files (x86)\Cypress\PSoC Creator\3.1\PSoC Creator\psoc\content\cycomponentlibrary\CyComponentLibrary.cylib\BLE_v1_20\Library\gccCyBLEStack_BLE_SOC_PERIPHERAL.a(CyBleStackMgr_BleSSDriver.o)
                0x00002048                CyBle_SetRxGainMode

i.CyBle_SetTxGainMode
                0x00002068       0x38
 i.CyBle_SetTxGainMode
                0x00002068       0x38 C:\Program Files (x86)\Cypress\PSoC Creator\3.1\PSoC Creator\psoc\content\cycomponentlibrary\CyComponentLibrary.cylib\BLE_v1_20\Library\gccCyBLEStack_BLE_SOC_PERIPHERAL.a(CyBleStackMgr_BleSSDriver.o)
                0x00002068                CyBle_SetTxGainMode

i.pf_rf_get_abs_rssi
                0x000020a0       0x24
 i.pf_rf_get_abs_rssi
                0x000020a0       0x24 C:\Program Files (x86)\Cypress\PSoC Creator\3.1\PSoC Creator\psoc\content\cycomponentlibrary\CyComponentLibrary.cylib\BLE_v1_20\Library\gccCyBLEStack_BLE_SOC_PERIPHERAL.a(CyBleStackMgr_BleSSDriver.o)
                0x000020a0                pf_rf_get_abs_rssi

i.OS_init       0x000020c4       0x64
 i.OS_init      0x000020c4       0x64 C:\Program Files (x86)\Cypress\PSoC Creator\3.1\PSoC Creator\psoc\content\cycomponentlibrary\CyComponentLibrary.cylib\BLE_v1_20\Library\gccCyBLEStack_BLE_SOC_PERIPHERAL.a(mint_os.o)
                0x000020c4                OS_init

i.mintos_malloc
                0x00002128       0x34
 i.mintos_malloc
                0x00002128       0x34 C:\Program Files (x86)\Cypress\PSoC Creator\3.1\PSoC Creator\psoc\content\cycomponentlibrary\CyComponentLibrary.cylib\BLE_v1_20\Library\gccCyBLEStack_BLE_SOC_PERIPHERAL.a(mint_os.o)
                0x00002128                mintos_malloc

i.OS_create_queue
                0x0000215c       0x64
 i.OS_create_queue
                0x0000215c       0x64 C:\Program Files (x86)\Cypress\PSoC Creator\3.1\PSoC Creator\psoc\content\cycomponentlibrary\CyComponentLibrary.cylib\BLE_v1_20\Library\gccCyBLEStack_BLE_SOC_PERIPHERAL.a(mint_os_queue.o)
                0x0000215c                OS_create_queue

i.OS_enqueue_item
                0x000021c0       0x8c
 i.OS_enqueue_item
                0x000021c0       0x8c C:\Program Files (x86)\Cypress\PSoC Creator\3.1\PSoC Creator\psoc\content\cycomponentlibrary\CyComponentLibrary.cylib\BLE_v1_20\Library\gccCyBLEStack_BLE_SOC_PERIPHERAL.a(mint_os_queue.o)
                0x000021c0                OS_enqueue_item

i.OS_queue_get_num_of_items
                0x0000224c       0x28
 i.OS_queue_get_num_of_items
                0x0000224c       0x28 C:\Program Files (x86)\Cypress\PSoC Creator\3.1\PSoC Creator\psoc\content\cycomponentlibrary\CyComponentLibrary.cylib\BLE_v1_20\Library\gccCyBLEStack_BLE_SOC_PERIPHERAL.a(mint_os_queue.o)
                0x0000224c                OS_queue_get_num_of_items

i.OS_queue_mgmt_init
                0x00002274       0x40
 i.OS_queue_mgmt_init
                0x00002274       0x40 C:\Program Files (x86)\Cypress\PSoC Creator\3.1\PSoC Creator\psoc\content\cycomponentlibrary\CyComponentLibrary.cylib\BLE_v1_20\Library\gccCyBLEStack_BLE_SOC_PERIPHERAL.a(mint_os_queue.o)
                0x00002274                OS_queue_mgmt_init

i.OS_remove_item
                0x000022b4       0xa0
 i.OS_remove_item
                0x000022b4       0xa0 C:\Program Files (x86)\Cypress\PSoC Creator\3.1\PSoC Creator\psoc\content\cycomponentlibrary\CyComponentLibrary.cylib\BLE_v1_20\Library\gccCyBLEStack_BLE_SOC_PERIPHERAL.a(mint_os_queue.o)
                0x000022b4                OS_remove_item

i.OS_create_task
                0x00002354       0x88
 i.OS_create_task
                0x00002354       0x88 C:\Program Files (x86)\Cypress\PSoC Creator\3.1\PSoC Creator\psoc\content\cycomponentlibrary\CyComponentLibrary.cylib\BLE_v1_20\Library\gccCyBLEStack_BLE_SOC_PERIPHERAL.a(mint_os_task.o)
                0x00002354                OS_create_task

i.OS_isr_send_signal_to_task
                0x000023dc        0xc
 i.OS_isr_send_signal_to_task
                0x000023dc        0xc C:\Program Files (x86)\Cypress\PSoC Creator\3.1\PSoC Creator\psoc\content\cycomponentlibrary\CyComponentLibrary.cylib\BLE_v1_20\Library\gccCyBLEStack_BLE_SOC_PERIPHERAL.a(mint_os_task.o)
                0x000023dc                OS_isr_send_signal_to_task

i.OS_scheduler  0x000023e8       0x64
 i.OS_scheduler
                0x000023e8       0x64 C:\Program Files (x86)\Cypress\PSoC Creator\3.1\PSoC Creator\psoc\content\cycomponentlibrary\CyComponentLibrary.cylib\BLE_v1_20\Library\gccCyBLEStack_BLE_SOC_PERIPHERAL.a(mint_os_task.o)
                0x000023e8                OS_scheduler

i.OS_send_signal_to_task
                0x0000244c        0xc
 i.OS_send_signal_to_task
                0x0000244c        0xc C:\Program Files (x86)\Cypress\PSoC Creator\3.1\PSoC Creator\psoc\content\cycomponentlibrary\CyComponentLibrary.cylib\BLE_v1_20\Library\gccCyBLEStack_BLE_SOC_PERIPHERAL.a(mint_os_task.o)
                0x0000244c                OS_send_signal_to_task

i.OS_send_signal_to_task_context
                0x00002458       0x3c
 i.OS_send_signal_to_task_context
                0x00002458       0x3c C:\Program Files (x86)\Cypress\PSoC Creator\3.1\PSoC Creator\psoc\content\cycomponentlibrary\CyComponentLibrary.cylib\BLE_v1_20\Library\gccCyBLEStack_BLE_SOC_PERIPHERAL.a(mint_os_task.o)

i.OS_task_mgmt_init
                0x00002494       0x50
 i.OS_task_mgmt_init
                0x00002494       0x50 C:\Program Files (x86)\Cypress\PSoC Creator\3.1\PSoC Creator\psoc\content\cycomponentlibrary\CyComponentLibrary.cylib\BLE_v1_20\Library\gccCyBLEStack_BLE_SOC_PERIPHERAL.a(mint_os_task.o)
                0x00002494                OS_task_mgmt_init

i.mint_buf_mgmt_allocate_buffer
                0x000024e4       0x4c
 i.mint_buf_mgmt_allocate_buffer
                0x000024e4       0x4c C:\Program Files (x86)\Cypress\PSoC Creator\3.1\PSoC Creator\psoc\content\cycomponentlibrary\CyComponentLibrary.cylib\BLE_v1_20\Library\gccCyBLEStack_BLE_SOC_PERIPHERAL.a(mint_buf_mgmt.o)
                0x000024e4                mint_buf_mgmt_allocate_buffer

i.mint_buf_mgmt_create_pool
                0x00002530       0xd8
 i.mint_buf_mgmt_create_pool
                0x00002530       0xd8 C:\Program Files (x86)\Cypress\PSoC Creator\3.1\PSoC Creator\psoc\content\cycomponentlibrary\CyComponentLibrary.cylib\BLE_v1_20\Library\gccCyBLEStack_BLE_SOC_PERIPHERAL.a(mint_buf_mgmt.o)
                0x00002530                mint_buf_mgmt_create_pool

i.mint_buf_mgmt_free_buffer
                0x00002608       0xa4
 i.mint_buf_mgmt_free_buffer
                0x00002608       0xa4 C:\Program Files (x86)\Cypress\PSoC Creator\3.1\PSoC Creator\psoc\content\cycomponentlibrary\CyComponentLibrary.cylib\BLE_v1_20\Library\gccCyBLEStack_BLE_SOC_PERIPHERAL.a(mint_buf_mgmt.o)
                0x00002608                mint_buf_mgmt_free_buffer

i.mint_buf_mgmt_get_free_heap
                0x000026ac       0x1c
 i.mint_buf_mgmt_get_free_heap
                0x000026ac       0x1c C:\Program Files (x86)\Cypress\PSoC Creator\3.1\PSoC Creator\psoc\content\cycomponentlibrary\CyComponentLibrary.cylib\BLE_v1_20\Library\gccCyBLEStack_BLE_SOC_PERIPHERAL.a(mint_buf_mgmt.o)
                0x000026ac                mint_buf_mgmt_get_free_heap

i.mint_buf_mgmt_init
                0x000026c8       0x44
 i.mint_buf_mgmt_init
                0x000026c8       0x44 C:\Program Files (x86)\Cypress\PSoC Creator\3.1\PSoC Creator\psoc\content\cycomponentlibrary\CyComponentLibrary.cylib\BLE_v1_20\Library\gccCyBLEStack_BLE_SOC_PERIPHERAL.a(mint_buf_mgmt.o)
                0x000026c8                mint_buf_mgmt_init

i.mint_buf_mgmt_malloc
                0x0000270c       0x2c
 i.mint_buf_mgmt_malloc
                0x0000270c       0x2c C:\Program Files (x86)\Cypress\PSoC Creator\3.1\PSoC Creator\psoc\content\cycomponentlibrary\CyComponentLibrary.cylib\BLE_v1_20\Library\gccCyBLEStack_BLE_SOC_PERIPHERAL.a(mint_buf_mgmt.o)
                0x0000270c                mint_buf_mgmt_malloc

i.mint_buf_mgmt_reset_pool
                0x00002738       0x70
 i.mint_buf_mgmt_reset_pool
                0x00002738       0x70 C:\Program Files (x86)\Cypress\PSoC Creator\3.1\PSoC Creator\psoc\content\cycomponentlibrary\CyComponentLibrary.cylib\BLE_v1_20\Library\gccCyBLEStack_BLE_SOC_PERIPHERAL.a(mint_buf_mgmt.o)
                0x00002738                mint_buf_mgmt_reset_pool

i.mint_buf_mgmt_stack_init
                0x000027a8       0x24
 i.mint_buf_mgmt_stack_init
                0x000027a8       0x24 C:\Program Files (x86)\Cypress\PSoC Creator\3.1\PSoC Creator\psoc\content\cycomponentlibrary\CyComponentLibrary.cylib\BLE_v1_20\Library\gccCyBLEStack_BLE_SOC_PERIPHERAL.a(mint_buf_mgmt.o)
                0x000027a8                mint_buf_mgmt_stack_init

i.mint_buf_mgmt_stack_pop
                0x000027cc       0x36
 i.mint_buf_mgmt_stack_pop
                0x000027cc       0x36 C:\Program Files (x86)\Cypress\PSoC Creator\3.1\PSoC Creator\psoc\content\cycomponentlibrary\CyComponentLibrary.cylib\BLE_v1_20\Library\gccCyBLEStack_BLE_SOC_PERIPHERAL.a(mint_buf_mgmt.o)
                0x000027cc                mint_buf_mgmt_stack_pop

i.mint_buf_mgmt_stack_push
                0x00002802       0x36
 i.mint_buf_mgmt_stack_push
                0x00002802       0x36 C:\Program Files (x86)\Cypress\PSoC Creator\3.1\PSoC Creator\psoc\content\cycomponentlibrary\CyComponentLibrary.cylib\BLE_v1_20\Library\gccCyBLEStack_BLE_SOC_PERIPHERAL.a(mint_buf_mgmt.o)
                0x00002802                mint_buf_mgmt_stack_push

i.mint_buf_mgmt_stack_reset
                0x00002838       0x1e
 i.mint_buf_mgmt_stack_reset
                0x00002838       0x1e C:\Program Files (x86)\Cypress\PSoC Creator\3.1\PSoC Creator\psoc\content\cycomponentlibrary\CyComponentLibrary.cylib\BLE_v1_20\Library\gccCyBLEStack_BLE_SOC_PERIPHERAL.a(mint_buf_mgmt.o)
                0x00002838                mint_buf_mgmt_stack_reset

i.mint_buf_mgmt_stack_search_item
                0x00002856       0x30
 i.mint_buf_mgmt_stack_search_item
                0x00002856       0x30 C:\Program Files (x86)\Cypress\PSoC Creator\3.1\PSoC Creator\psoc\content\cycomponentlibrary\CyComponentLibrary.cylib\BLE_v1_20\Library\gccCyBLEStack_BLE_SOC_PERIPHERAL.a(mint_buf_mgmt.o)
                0x00002856                mint_buf_mgmt_stack_search_item

i.mint_buf_mgmt_pl_init
                0x00002888       0x2c
 i.mint_buf_mgmt_pl_init
                0x00002888       0x2c C:\Program Files (x86)\Cypress\PSoC Creator\3.1\PSoC Creator\psoc\content\cycomponentlibrary\CyComponentLibrary.cylib\BLE_v1_20\Library\gccCyBLEStack_BLE_SOC_PERIPHERAL.a(mint_buf_mgmt_pl.o)
                0x00002888                mint_buf_mgmt_pl_init

i.CyBleControllerIP_GetPingState
                0x000028b4        0xc
 i.CyBleControllerIP_GetPingState
                0x000028b4        0xc C:\Program Files (x86)\Cypress\PSoC Creator\3.1\PSoC Creator\psoc\content\cycomponentlibrary\CyComponentLibrary.cylib\BLE_v1_20\Library\gccCyBLEStack_BLE_SOC_PERIPHERAL.a(CyBleControllerIP_Interface.o)
                0x000028b4                CyBleControllerIP_GetPingState

i.CyBleController_AddDeviceToWhiteList
                0x000028c0       0x40
 i.CyBleController_AddDeviceToWhiteList
                0x000028c0       0x40 C:\Program Files (x86)\Cypress\PSoC Creator\3.1\PSoC Creator\psoc\content\cycomponentlibrary\CyComponentLibrary.cylib\BLE_v1_20\Library\gccCyBLEStack_BLE_SOC_PERIPHERAL.a(CyBleControllerIP_Interface.o)
                0x000028c0                CyBleController_AddDeviceToWhiteList

i.CyBleController_ExitLowPowerMode
                0x00002900       0x10
 i.CyBleController_ExitLowPowerMode
                0x00002900       0x10 C:\Program Files (x86)\Cypress\PSoC Creator\3.1\PSoC Creator\psoc\content\cycomponentlibrary\CyComponentLibrary.cylib\BLE_v1_20\Library\gccCyBLEStack_BLE_SOC_PERIPHERAL.a(CyBleControllerIP_Interface.o)
                0x00002900                CyBleController_ExitLowPowerMode

i.CyBleController_Init
                0x00002910       0x3c
 i.CyBleController_Init
                0x00002910       0x3c C:\Program Files (x86)\Cypress\PSoC Creator\3.1\PSoC Creator\psoc\content\cycomponentlibrary\CyComponentLibrary.cylib\BLE_v1_20\Library\gccCyBLEStack_BLE_SOC_PERIPHERAL.a(CyBleControllerIP_Interface.o)
                0x00002910                CyBleController_Init

i.CyBleController_SetDeviceAddress
                0x0000294c       0x2e
 i.CyBleController_SetDeviceAddress
                0x0000294c       0x2e C:\Program Files (x86)\Cypress\PSoC Creator\3.1\PSoC Creator\psoc\content\cycomponentlibrary\CyComponentLibrary.cylib\BLE_v1_20\Library\gccCyBLEStack_BLE_SOC_PERIPHERAL.a(CyBleControllerIP_Interface.o)
                0x0000294c                CyBleController_SetDeviceAddress

i.CyBle_GetTxPowerLevel
                0x0000297a       0x4e
 i.CyBle_GetTxPowerLevel
                0x0000297a       0x4e C:\Program Files (x86)\Cypress\PSoC Creator\3.1\PSoC Creator\psoc\content\cycomponentlibrary\CyComponentLibrary.cylib\BLE_v1_20\Library\gccCyBLEStack_BLE_SOC_PERIPHERAL.a(CyBleControllerIP_Interface.o)
                0x0000297a                CyBle_GetTxPowerLevel

i.CyBle_SetTxPowerLevel
                0x000029c8       0x56
 i.CyBle_SetTxPowerLevel
                0x000029c8       0x56 C:\Program Files (x86)\Cypress\PSoC Creator\3.1\PSoC Creator\psoc\content\cycomponentlibrary\CyComponentLibrary.cylib\BLE_v1_20\Library\gccCyBLEStack_BLE_SOC_PERIPHERAL.a(CyBleControllerIP_Interface.o)
                0x000029c8                CyBle_SetTxPowerLevel

i.ll_check_and_mark_packet_ready_for_transmission
                0x00002a20       0x28
 i.ll_check_and_mark_packet_ready_for_transmission
                0x00002a20       0x28 C:\Program Files (x86)\Cypress\PSoC Creator\3.1\PSoC Creator\psoc\content\cycomponentlibrary\CyComponentLibrary.cylib\BLE_v1_20\Library\gccCyBLEStack_BLE_SOC_PERIPHERAL.a(ll.o)
                0x00002a20                ll_check_and_mark_packet_ready_for_transmission

i.ll_cleanup_pending_data_pdu
                0x00002a48       0x38
 i.ll_cleanup_pending_data_pdu
                0x00002a48       0x38 C:\Program Files (x86)\Cypress\PSoC Creator\3.1\PSoC Creator\psoc\content\cycomponentlibrary\CyComponentLibrary.cylib\BLE_v1_20\Library\gccCyBLEStack_BLE_SOC_PERIPHERAL.a(ll.o)
                0x00002a48                ll_cleanup_pending_data_pdu

i.ll_exit_low_power_mode
                0x00002a80       0xac
 i.ll_exit_low_power_mode
                0x00002a80       0xac C:\Program Files (x86)\Cypress\PSoC Creator\3.1\PSoC Creator\psoc\content\cycomponentlibrary\CyComponentLibrary.cylib\BLE_v1_20\Library\gccCyBLEStack_BLE_SOC_PERIPHERAL.a(ll.o)
                0x00002a80                ll_exit_low_power_mode

i.ll_get_ack_status
                0x00002b2c       0x3c
 i.ll_get_ack_status
                0x00002b2c       0x3c C:\Program Files (x86)\Cypress\PSoC Creator\3.1\PSoC Creator\psoc\content\cycomponentlibrary\CyComponentLibrary.cylib\BLE_v1_20\Library\gccCyBLEStack_BLE_SOC_PERIPHERAL.a(ll.o)
                0x00002b2c                ll_get_ack_status

i.ll_get_adv_ch_tx_power
                0x00002b68       0x20
 i.ll_get_adv_ch_tx_power
                0x00002b68       0x20 C:\Program Files (x86)\Cypress\PSoC Creator\3.1\PSoC Creator\psoc\content\cycomponentlibrary\CyComponentLibrary.cylib\BLE_v1_20\Library\gccCyBLEStack_BLE_SOC_PERIPHERAL.a(ll.o)
                0x00002b68                ll_get_adv_ch_tx_power

i.ll_get_data_channel_map
                0x00002b88       0x24
 i.ll_get_data_channel_map
                0x00002b88       0x24 C:\Program Files (x86)\Cypress\PSoC Creator\3.1\PSoC Creator\psoc\content\cycomponentlibrary\CyComponentLibrary.cylib\BLE_v1_20\Library\gccCyBLEStack_BLE_SOC_PERIPHERAL.a(ll.o)
                0x00002b88                ll_get_data_channel_map

i.ll_get_max_white_list_size
                0x00002bac        0xc
 i.ll_get_max_white_list_size
                0x00002bac        0xc C:\Program Files (x86)\Cypress\PSoC Creator\3.1\PSoC Creator\psoc\content\cycomponentlibrary\CyComponentLibrary.cylib\BLE_v1_20\Library\gccCyBLEStack_BLE_SOC_PERIPHERAL.a(ll.o)
                0x00002bac                ll_get_max_white_list_size

i.ll_get_my_role
                0x00002bb8        0xc
 i.ll_get_my_role
                0x00002bb8        0xc C:\Program Files (x86)\Cypress\PSoC Creator\3.1\PSoC Creator\psoc\content\cycomponentlibrary\CyComponentLibrary.cylib\BLE_v1_20\Library\gccCyBLEStack_BLE_SOC_PERIPHERAL.a(ll.o)
                0x00002bb8                ll_get_my_role

i.ll_get_next_available_fifo_for_data_pdu
                0x00002bc4        0x8
 i.ll_get_next_available_fifo_for_data_pdu
                0x00002bc4        0x8 C:\Program Files (x86)\Cypress\PSoC Creator\3.1\PSoC Creator\psoc\content\cycomponentlibrary\CyComponentLibrary.cylib\BLE_v1_20\Library\gccCyBLEStack_BLE_SOC_PERIPHERAL.a(ll.o)
                0x00002bc4                ll_get_next_available_fifo_for_data_pdu

i.ll_get_next_available_fifo_for_ll_pdu
                0x00002bcc       0x24
 i.ll_get_next_available_fifo_for_ll_pdu
                0x00002bcc       0x24 C:\Program Files (x86)\Cypress\PSoC Creator\3.1\PSoC Creator\psoc\content\cycomponentlibrary\CyComponentLibrary.cylib\BLE_v1_20\Library\gccCyBLEStack_BLE_SOC_PERIPHERAL.a(ll.o)
                0x00002bcc                ll_get_next_available_fifo_for_ll_pdu

i.ll_get_rssi_value
                0x00002bf0       0x26
 i.ll_get_rssi_value
                0x00002bf0       0x26 C:\Program Files (x86)\Cypress\PSoC Creator\3.1\PSoC Creator\psoc\content\cycomponentlibrary\CyComponentLibrary.cylib\BLE_v1_20\Library\gccCyBLEStack_BLE_SOC_PERIPHERAL.a(ll.o)
                0x00002bf0                ll_get_rssi_value

i.ll_get_transmit_power_level
                0x00002c18       0x2c
 i.ll_get_transmit_power_level
                0x00002c18       0x2c C:\Program Files (x86)\Cypress\PSoC Creator\3.1\PSoC Creator\psoc\content\cycomponentlibrary\CyComponentLibrary.cylib\BLE_v1_20\Library\gccCyBLEStack_BLE_SOC_PERIPHERAL.a(ll.o)
                0x00002c18                ll_get_transmit_power_level

i.ll_handle_ack_received
                0x00002c44       0x74
 i.ll_handle_ack_received
                0x00002c44       0x74 C:\Program Files (x86)\Cypress\PSoC Creator\3.1\PSoC Creator\psoc\content\cycomponentlibrary\CyComponentLibrary.cylib\BLE_v1_20\Library\gccCyBLEStack_BLE_SOC_PERIPHERAL.a(ll.o)
                0x00002c44                ll_handle_ack_received

i.ll_handle_add_device_in_whitelist
                0x00002cb8       0x3a
 i.ll_handle_add_device_in_whitelist
                0x00002cb8       0x3a C:\Program Files (x86)\Cypress\PSoC Creator\3.1\PSoC Creator\psoc\content\cycomponentlibrary\CyComponentLibrary.cylib\BLE_v1_20\Library\gccCyBLEStack_BLE_SOC_PERIPHERAL.a(ll.o)
                0x00002cb8                ll_handle_add_device_in_whitelist

i.ll_handle_clear_whitelist
                0x00002cf2       0x16
 i.ll_handle_clear_whitelist
                0x00002cf2       0x16 C:\Program Files (x86)\Cypress\PSoC Creator\3.1\PSoC Creator\psoc\content\cycomponentlibrary\CyComponentLibrary.cylib\BLE_v1_20\Library\gccCyBLEStack_BLE_SOC_PERIPHERAL.a(ll.o)
                0x00002cf2                ll_handle_clear_whitelist

i.ll_handle_encrypt_host_data
                0x00002d08       0x36
 i.ll_handle_encrypt_host_data
                0x00002d08       0x36 C:\Program Files (x86)\Cypress\PSoC Creator\3.1\PSoC Creator\psoc\content\cycomponentlibrary\CyComponentLibrary.cylib\BLE_v1_20\Library\gccCyBLEStack_BLE_SOC_PERIPHERAL.a(ll.o)
                0x00002d08                ll_handle_encrypt_host_data

i.ll_handle_host_data_packet
                0x00002d3e       0x54
 i.ll_handle_host_data_packet
                0x00002d3e       0x54 C:\Program Files (x86)\Cypress\PSoC Creator\3.1\PSoC Creator\psoc\content\cycomponentlibrary\CyComponentLibrary.cylib\BLE_v1_20\Library\gccCyBLEStack_BLE_SOC_PERIPHERAL.a(ll.o)
                0x00002d3e                ll_handle_host_data_packet

i.ll_handle_read_host_channel_map
                0x00002d92        0x4
 i.ll_handle_read_host_channel_map
                0x00002d92        0x4 C:\Program Files (x86)\Cypress\PSoC Creator\3.1\PSoC Creator\psoc\content\cycomponentlibrary\CyComponentLibrary.cylib\BLE_v1_20\Library\gccCyBLEStack_BLE_SOC_PERIPHERAL.a(ll.o)
                0x00002d92                ll_handle_read_host_channel_map

i.ll_handle_remove_device_in_whitelist
                0x00002d96       0x2a
 i.ll_handle_remove_device_in_whitelist
                0x00002d96       0x2a C:\Program Files (x86)\Cypress\PSoC Creator\3.1\PSoC Creator\psoc\content\cycomponentlibrary\CyComponentLibrary.cylib\BLE_v1_20\Library\gccCyBLEStack_BLE_SOC_PERIPHERAL.a(ll.o)
                0x00002d96                ll_handle_remove_device_in_whitelist

i.ll_handle_reset
                0x00002dc0        0xe
 i.ll_handle_reset
                0x00002dc0        0xe C:\Program Files (x86)\Cypress\PSoC Creator\3.1\PSoC Creator\psoc\content\cycomponentlibrary\CyComponentLibrary.cylib\BLE_v1_20\Library\gccCyBLEStack_BLE_SOC_PERIPHERAL.a(ll.o)
                0x00002dc0                ll_handle_reset

i.ll_handle_set_random_address
                0x00002dce       0x36
 i.ll_handle_set_random_address
                0x00002dce       0x36 C:\Program Files (x86)\Cypress\PSoC Creator\3.1\PSoC Creator\psoc\content\cycomponentlibrary\CyComponentLibrary.cylib\BLE_v1_20\Library\gccCyBLEStack_BLE_SOC_PERIPHERAL.a(ll.o)
                0x00002dce                ll_handle_set_random_address

i.ll_init       0x00002e04       0x18
 i.ll_init      0x00002e04       0x18 C:\Program Files (x86)\Cypress\PSoC Creator\3.1\PSoC Creator\psoc\content\cycomponentlibrary\CyComponentLibrary.cylib\BLE_v1_20\Library\gccCyBLEStack_BLE_SOC_PERIPHERAL.a(ll.o)
                0x00002e04                ll_init

i.ll_initialize_device_attributes
                0x00002e1c       0x4c
 i.ll_initialize_device_attributes
                0x00002e1c       0x4c C:\Program Files (x86)\Cypress\PSoC Creator\3.1\PSoC Creator\psoc\content\cycomponentlibrary\CyComponentLibrary.cylib\BLE_v1_20\Library\gccCyBLEStack_BLE_SOC_PERIPHERAL.a(ll.o)
                0x00002e1c                ll_initialize_device_attributes

i.ll_is_pkt_pending
                0x00002e68       0x2a
 i.ll_is_pkt_pending
                0x00002e68       0x2a C:\Program Files (x86)\Cypress\PSoC Creator\3.1\PSoC Creator\psoc\content\cycomponentlibrary\CyComponentLibrary.cylib\BLE_v1_20\Library\gccCyBLEStack_BLE_SOC_PERIPHERAL.a(ll.o)
                0x00002e68                ll_is_pkt_pending

i.ll_is_sent_pkt_pending
                0x00002e92       0x1a
 i.ll_is_sent_pkt_pending
                0x00002e92       0x1a C:\Program Files (x86)\Cypress\PSoC Creator\3.1\PSoC Creator\psoc\content\cycomponentlibrary\CyComponentLibrary.cylib\BLE_v1_20\Library\gccCyBLEStack_BLE_SOC_PERIPHERAL.a(ll.o)
                0x00002e92                ll_is_sent_pkt_pending

i.ll_isr_exit_low_power_mode
                0x00002eac       0x16
 i.ll_isr_exit_low_power_mode
                0x00002eac       0x16 C:\Program Files (x86)\Cypress\PSoC Creator\3.1\PSoC Creator\psoc\content\cycomponentlibrary\CyComponentLibrary.cylib\BLE_v1_20\Library\gccCyBLEStack_BLE_SOC_PERIPHERAL.a(ll.o)
                0x00002eac                ll_isr_exit_low_power_mode

i.ll_load_host_data_packet
                0x00002ec2       0x4a
 i.ll_load_host_data_packet
                0x00002ec2       0x4a C:\Program Files (x86)\Cypress\PSoC Creator\3.1\PSoC Creator\psoc\content\cycomponentlibrary\CyComponentLibrary.cylib\BLE_v1_20\Library\gccCyBLEStack_BLE_SOC_PERIPHERAL.a(ll.o)
                0x00002ec2                ll_load_host_data_packet

i.ll_load_packet_to_fifo
                0x00002f0c       0x6e
 i.ll_load_packet_to_fifo
                0x00002f0c       0x6e C:\Program Files (x86)\Cypress\PSoC Creator\3.1\PSoC Creator\psoc\content\cycomponentlibrary\CyComponentLibrary.cylib\BLE_v1_20\Library\gccCyBLEStack_BLE_SOC_PERIPHERAL.a(ll.o)
                0x00002f0c                ll_load_packet_to_fifo

i.ll_process_acks
                0x00002f7a       0x3c
 i.ll_process_acks
                0x00002f7a       0x3c C:\Program Files (x86)\Cypress\PSoC Creator\3.1\PSoC Creator\psoc\content\cycomponentlibrary\CyComponentLibrary.cylib\BLE_v1_20\Library\gccCyBLEStack_BLE_SOC_PERIPHERAL.a(ll.o)
                0x00002f7a                ll_process_acks

i.ll_reset      0x00002fb6       0x12
 i.ll_reset     0x00002fb6       0x12 C:\Program Files (x86)\Cypress\PSoC Creator\3.1\PSoC Creator\psoc\content\cycomponentlibrary\CyComponentLibrary.cylib\BLE_v1_20\Library\gccCyBLEStack_BLE_SOC_PERIPHERAL.a(ll.o)
                0x00002fb6                ll_reset

i.ll_update_active_features
                0x00002fc8       0x58
 i.ll_update_active_features
                0x00002fc8       0x58 C:\Program Files (x86)\Cypress\PSoC Creator\3.1\PSoC Creator\psoc\content\cycomponentlibrary\CyComponentLibrary.cylib\BLE_v1_20\Library\gccCyBLEStack_BLE_SOC_PERIPHERAL.a(ll.o)
                0x00002fc8                ll_update_active_features

i.ll_update_device_fsm
                0x00003020        0x8
 i.ll_update_device_fsm
                0x00003020        0x8 C:\Program Files (x86)\Cypress\PSoC Creator\3.1\PSoC Creator\psoc\content\cycomponentlibrary\CyComponentLibrary.cylib\BLE_v1_20\Library\gccCyBLEStack_BLE_SOC_PERIPHERAL.a(ll.o)
                0x00003020                ll_update_device_fsm

i.pf_le_start_timer
                0x00003028       0x16
 i.pf_le_start_timer
                0x00003028       0x16 C:\Program Files (x86)\Cypress\PSoC Creator\3.1\PSoC Creator\psoc\content\cycomponentlibrary\CyComponentLibrary.cylib\BLE_v1_20\Library\gccCyBLEStack_BLE_SOC_PERIPHERAL.a(ll.o)
                0x00003028                pf_le_start_timer

i.pf_le_stop_timer
                0x0000303e       0x12
 i.pf_le_stop_timer
                0x0000303e       0x12 C:\Program Files (x86)\Cypress\PSoC Creator\3.1\PSoC Creator\psoc\content\cycomponentlibrary\CyComponentLibrary.cylib\BLE_v1_20\Library\gccCyBLEStack_BLE_SOC_PERIPHERAL.a(ll.o)
                0x0000303e                pf_le_stop_timer

i.CyBleControllerIP_TuneAdvEventInterPktSlots
                0x00003050       0x44
 i.CyBleControllerIP_TuneAdvEventInterPktSlots
                0x00003050       0x44 C:\Program Files (x86)\Cypress\PSoC Creator\3.1\PSoC Creator\psoc\content\cycomponentlibrary\CyComponentLibrary.cylib\BLE_v1_20\Library\gccCyBLEStack_BLE_SOC_PERIPHERAL.a(ll_advertiser.o)
                0x00003050                CyBleControllerIP_TuneAdvEventInterPktSlots

i.ll_adv_is_configured_connection_adv
                0x00003094       0x1e
 i.ll_adv_is_configured_connection_adv
                0x00003094       0x1e C:\Program Files (x86)\Cypress\PSoC Creator\3.1\PSoC Creator\psoc\content\cycomponentlibrary\CyComponentLibrary.cylib\BLE_v1_20\Library\gccCyBLEStack_BLE_SOC_PERIPHERAL.a(ll_advertiser.o)
                0x00003094                ll_adv_is_configured_connection_adv

i.ll_check_random_address_in_use_by_advertiser
                0x000030b2       0x10
 i.ll_check_random_address_in_use_by_advertiser
                0x000030b2       0x10 C:\Program Files (x86)\Cypress\PSoC Creator\3.1\PSoC Creator\psoc\content\cycomponentlibrary\CyComponentLibrary.cylib\BLE_v1_20\Library\gccCyBLEStack_BLE_SOC_PERIPHERAL.a(ll_advertiser.o)
                0x000030b2                ll_check_random_address_in_use_by_advertiser

i.ll_check_whitelist_in_use_by_advertiser
                0x000030c2       0x10
 i.ll_check_whitelist_in_use_by_advertiser
                0x000030c2       0x10 C:\Program Files (x86)\Cypress\PSoC Creator\3.1\PSoC Creator\psoc\content\cycomponentlibrary\CyComponentLibrary.cylib\BLE_v1_20\Library\gccCyBLEStack_BLE_SOC_PERIPHERAL.a(ll_advertiser.o)
                0x000030c2                ll_check_whitelist_in_use_by_advertiser

i.ll_get_adv_status
                0x000030d2        0xc
 i.ll_get_adv_status
                0x000030d2        0xc C:\Program Files (x86)\Cypress\PSoC Creator\3.1\PSoC Creator\psoc\content\cycomponentlibrary\CyComponentLibrary.cylib\BLE_v1_20\Library\gccCyBLEStack_BLE_SOC_PERIPHERAL.a(ll_advertiser.o)
                0x000030d2                ll_get_adv_status

i.ll_get_adv_type
                0x000030de       0x16
 i.ll_get_adv_type
                0x000030de       0x16 C:\Program Files (x86)\Cypress\PSoC Creator\3.1\PSoC Creator\psoc\content\cycomponentlibrary\CyComponentLibrary.cylib\BLE_v1_20\Library\gccCyBLEStack_BLE_SOC_PERIPHERAL.a(ll_advertiser.o)
                0x000030de                ll_get_adv_type

i.ll_handle_adv_intr
                0x000030f4       0x50
 i.ll_handle_adv_intr
                0x000030f4       0x50 C:\Program Files (x86)\Cypress\PSoC Creator\3.1\PSoC Creator\psoc\content\cycomponentlibrary\CyComponentLibrary.cylib\BLE_v1_20\Library\gccCyBLEStack_BLE_SOC_PERIPHERAL.a(ll_advertiser.o)
                0x000030f4                ll_handle_adv_intr

i.ll_handle_set_adv_data
                0x00003144       0x14
 i.ll_handle_set_adv_data
                0x00003144       0x14 C:\Program Files (x86)\Cypress\PSoC Creator\3.1\PSoC Creator\psoc\content\cycomponentlibrary\CyComponentLibrary.cylib\BLE_v1_20\Library\gccCyBLEStack_BLE_SOC_PERIPHERAL.a(ll_advertiser.o)
                0x00003144                ll_handle_set_adv_data

i.ll_handle_set_adv_parameters
                0x00003158       0x84
 i.ll_handle_set_adv_parameters
                0x00003158       0x84 C:\Program Files (x86)\Cypress\PSoC Creator\3.1\PSoC Creator\psoc\content\cycomponentlibrary\CyComponentLibrary.cylib\BLE_v1_20\Library\gccCyBLEStack_BLE_SOC_PERIPHERAL.a(ll_advertiser.o)
                0x00003158                ll_handle_set_adv_parameters

i.ll_handle_set_advertise_enable
                0x000031dc       0x70
 i.ll_handle_set_advertise_enable
                0x000031dc       0x70 C:\Program Files (x86)\Cypress\PSoC Creator\3.1\PSoC Creator\psoc\content\cycomponentlibrary\CyComponentLibrary.cylib\BLE_v1_20\Library\gccCyBLEStack_BLE_SOC_PERIPHERAL.a(ll_advertiser.o)
                0x000031dc                ll_handle_set_advertise_enable

i.ll_handle_set_scan_resp_data
                0x0000324c       0x14
 i.ll_handle_set_scan_resp_data
                0x0000324c       0x14 C:\Program Files (x86)\Cypress\PSoC Creator\3.1\PSoC Creator\psoc\content\cycomponentlibrary\CyComponentLibrary.cylib\BLE_v1_20\Library\gccCyBLEStack_BLE_SOC_PERIPHERAL.a(ll_advertiser.o)
                0x0000324c                ll_handle_set_scan_resp_data

i.ll_init_advertiser
                0x00003260       0x68
 i.ll_init_advertiser
                0x00003260       0x68 C:\Program Files (x86)\Cypress\PSoC Creator\3.1\PSoC Creator\psoc\content\cycomponentlibrary\CyComponentLibrary.cylib\BLE_v1_20\Library\gccCyBLEStack_BLE_SOC_PERIPHERAL.a(ll_advertiser.o)
                0x00003260                ll_init_advertiser

i.is_le_connection_handle
                0x000032c8       0x28
 i.is_le_connection_handle
                0x000032c8       0x28 C:\Program Files (x86)\Cypress\PSoC Creator\3.1\PSoC Creator\psoc\content\cycomponentlibrary\CyComponentLibrary.cylib\BLE_v1_20\Library\gccCyBLEStack_BLE_SOC_PERIPHERAL.a(ll_connection.o)
                0x000032c8                is_le_connection_handle

i.le_assign_connection_handle
                0x000032f0       0x28
 i.le_assign_connection_handle
                0x000032f0       0x28 C:\Program Files (x86)\Cypress\PSoC Creator\3.1\PSoC Creator\psoc\content\cycomponentlibrary\CyComponentLibrary.cylib\BLE_v1_20\Library\gccCyBLEStack_BLE_SOC_PERIPHERAL.a(ll_connection.o)
                0x000032f0                le_assign_connection_handle

i.le_get_connection_index
                0x00003318        0x6
 i.le_get_connection_index
                0x00003318        0x6 C:\Program Files (x86)\Cypress\PSoC Creator\3.1\PSoC Creator\psoc\content\cycomponentlibrary\CyComponentLibrary.cylib\BLE_v1_20\Library\gccCyBLEStack_BLE_SOC_PERIPHERAL.a(ll_connection.o)
                0x00003318                le_get_connection_index

i.ll_allocate_connection
                0x00003320       0x44
 i.ll_allocate_connection
                0x00003320       0x44 C:\Program Files (x86)\Cypress\PSoC Creator\3.1\PSoC Creator\psoc\content\cycomponentlibrary\CyComponentLibrary.cylib\BLE_v1_20\Library\gccCyBLEStack_BLE_SOC_PERIPHERAL.a(ll_connection.o)
                0x00003320                ll_allocate_connection

i.ll_calculate_and_program_def_win_widen_drift
                0x00003364       0x14
 i.ll_calculate_and_program_def_win_widen_drift
                0x00003364       0x14 C:\Program Files (x86)\Cypress\PSoC Creator\3.1\PSoC Creator\psoc\content\cycomponentlibrary\CyComponentLibrary.cylib\BLE_v1_20\Library\gccCyBLEStack_BLE_SOC_PERIPHERAL.a(ll_connection.o)
                0x00003364                ll_calculate_and_program_def_win_widen_drift

i.ll_calculate_drift
                0x00003378       0x2c
 i.ll_calculate_drift
                0x00003378       0x2c C:\Program Files (x86)\Cypress\PSoC Creator\3.1\PSoC Creator\psoc\content\cycomponentlibrary\CyComponentLibrary.cylib\BLE_v1_20\Library\gccCyBLEStack_BLE_SOC_PERIPHERAL.a(ll_connection.o)
                0x00003378                ll_calculate_drift

i.ll_check_and_decrypt_ll_pdu
                0x000033a4       0x68
 i.ll_check_and_decrypt_ll_pdu
                0x000033a4       0x68 C:\Program Files (x86)\Cypress\PSoC Creator\3.1\PSoC Creator\psoc\content\cycomponentlibrary\CyComponentLibrary.cylib\BLE_v1_20\Library\gccCyBLEStack_BLE_SOC_PERIPHERAL.a(ll_connection.o)
                0x000033a4                ll_check_and_decrypt_ll_pdu

i.ll_check_and_decrypt_packet
                0x0000340c       0x6a
 i.ll_check_and_decrypt_packet
                0x0000340c       0x6a C:\Program Files (x86)\Cypress\PSoC Creator\3.1\PSoC Creator\psoc\content\cycomponentlibrary\CyComponentLibrary.cylib\BLE_v1_20\Library\gccCyBLEStack_BLE_SOC_PERIPHERAL.a(ll_connection.o)
                0x0000340c                ll_check_and_decrypt_packet

i.ll_check_and_encrypt_ll_pdu
                0x00003476       0x72
 i.ll_check_and_encrypt_ll_pdu
                0x00003476       0x72 C:\Program Files (x86)\Cypress\PSoC Creator\3.1\PSoC Creator\psoc\content\cycomponentlibrary\CyComponentLibrary.cylib\BLE_v1_20\Library\gccCyBLEStack_BLE_SOC_PERIPHERAL.a(ll_connection.o)
                0x00003476                ll_check_and_encrypt_ll_pdu

i.ll_check_and_encrypt_packet
                0x000034e8       0x8a
 i.ll_check_and_encrypt_packet
                0x000034e8       0x8a C:\Program Files (x86)\Cypress\PSoC Creator\3.1\PSoC Creator\psoc\content\cycomponentlibrary\CyComponentLibrary.cylib\BLE_v1_20\Library\gccCyBLEStack_BLE_SOC_PERIPHERAL.a(ll_connection.o)
                0x000034e8                ll_check_and_encrypt_packet

i.ll_check_for_allowing_incoming_connection_update
                0x00003572       0x42
 i.ll_check_for_allowing_incoming_connection_update
                0x00003572       0x42 C:\Program Files (x86)\Cypress\PSoC Creator\3.1\PSoC Creator\psoc\content\cycomponentlibrary\CyComponentLibrary.cylib\BLE_v1_20\Library\gccCyBLEStack_BLE_SOC_PERIPHERAL.a(ll_connection.o)
                0x00003572                ll_check_for_allowing_incoming_connection_update

i.ll_check_if_pdu_is_loaded_to_hardware
                0x000035b4       0x1c
 i.ll_check_if_pdu_is_loaded_to_hardware
                0x000035b4       0x1c C:\Program Files (x86)\Cypress\PSoC Creator\3.1\PSoC Creator\psoc\content\cycomponentlibrary\CyComponentLibrary.cylib\BLE_v1_20\Library\gccCyBLEStack_BLE_SOC_PERIPHERAL.a(ll_connection.o)
                0x000035b4                ll_check_if_pdu_is_loaded_to_hardware

i.ll_check_random_address_in_use_by_initiator
                0x000035d0       0x30
 i.ll_check_random_address_in_use_by_initiator
                0x000035d0       0x30 C:\Program Files (x86)\Cypress\PSoC Creator\3.1\PSoC Creator\psoc\content\cycomponentlibrary\CyComponentLibrary.cylib\BLE_v1_20\Library\gccCyBLEStack_BLE_SOC_PERIPHERAL.a(ll_connection.o)
                0x000035d0                ll_check_random_address_in_use_by_initiator

i.ll_check_white_list_in_use_by_initiator
                0x00003600       0x30
 i.ll_check_white_list_in_use_by_initiator
                0x00003600       0x30 C:\Program Files (x86)\Cypress\PSoC Creator\3.1\PSoC Creator\psoc\content\cycomponentlibrary\CyComponentLibrary.cylib\BLE_v1_20\Library\gccCyBLEStack_BLE_SOC_PERIPHERAL.a(ll_connection.o)
                0x00003600                ll_check_white_list_in_use_by_initiator

i.ll_conn_free_enc_txn_buffer
                0x00003630       0x16
 i.ll_conn_free_enc_txn_buffer
                0x00003630       0x16 C:\Program Files (x86)\Cypress\PSoC Creator\3.1\PSoC Creator\psoc\content\cycomponentlibrary\CyComponentLibrary.cylib\BLE_v1_20\Library\gccCyBLEStack_BLE_SOC_PERIPHERAL.a(ll_connection.o)
                0x00003630                ll_conn_free_enc_txn_buffer

i.ll_conn_fsm_update_channel_state
                0x00003646        0x6
 i.ll_conn_fsm_update_channel_state
                0x00003646        0x6 C:\Program Files (x86)\Cypress\PSoC Creator\3.1\PSoC Creator\psoc\content\cycomponentlibrary\CyComponentLibrary.cylib\BLE_v1_20\Library\gccCyBLEStack_BLE_SOC_PERIPHERAL.a(ll_connection.o)
                0x00003646                ll_conn_fsm_update_channel_state

i.ll_conn_fsm_update_conn_update_state
                0x0000364c        0x6
 i.ll_conn_fsm_update_conn_update_state
                0x0000364c        0x6 C:\Program Files (x86)\Cypress\PSoC Creator\3.1\PSoC Creator\psoc\content\cycomponentlibrary\CyComponentLibrary.cylib\BLE_v1_20\Library\gccCyBLEStack_BLE_SOC_PERIPHERAL.a(ll_connection.o)
                0x0000364c                ll_conn_fsm_update_conn_update_state

i.ll_conn_fsm_update_enc_state
                0x00003652        0x6
 i.ll_conn_fsm_update_enc_state
                0x00003652        0x6 C:\Program Files (x86)\Cypress\PSoC Creator\3.1\PSoC Creator\psoc\content\cycomponentlibrary\CyComponentLibrary.cylib\BLE_v1_20\Library\gccCyBLEStack_BLE_SOC_PERIPHERAL.a(ll_connection.o)
                0x00003652                ll_conn_fsm_update_enc_state

i.ll_conn_fsm_update_state
                0x00003658        0x4
 i.ll_conn_fsm_update_state
                0x00003658        0x4 C:\Program Files (x86)\Cypress\PSoC Creator\3.1\PSoC Creator\psoc\content\cycomponentlibrary\CyComponentLibrary.cylib\BLE_v1_20\Library\gccCyBLEStack_BLE_SOC_PERIPHERAL.a(ll_connection.o)
                0x00003658                ll_conn_fsm_update_state

i.ll_conn_handle_data_pdu_from_host_when_data_paused
                0x0000365c        0x8
 i.ll_conn_handle_data_pdu_from_host_when_data_paused
                0x0000365c        0x8 C:\Program Files (x86)\Cypress\PSoC Creator\3.1\PSoC Creator\psoc\content\cycomponentlibrary\CyComponentLibrary.cylib\BLE_v1_20\Library\gccCyBLEStack_BLE_SOC_PERIPHERAL.a(ll_connection.o)
                0x0000365c                ll_conn_handle_data_pdu_from_host_when_data_paused

i.ll_conn_handle_direct_adv_timeout
                0x00003664       0x2a
 i.ll_conn_handle_direct_adv_timeout
                0x00003664       0x2a C:\Program Files (x86)\Cypress\PSoC Creator\3.1\PSoC Creator\psoc\content\cycomponentlibrary\CyComponentLibrary.cylib\BLE_v1_20\Library\gccCyBLEStack_BLE_SOC_PERIPHERAL.a(ll_connection.o)
                0x00003664                ll_conn_handle_direct_adv_timeout

i.ll_conn_handle_ping_timer_expired_interrupt
                0x00003690       0x1c
 i.ll_conn_handle_ping_timer_expired_interrupt
                0x00003690       0x1c C:\Program Files (x86)\Cypress\PSoC Creator\3.1\PSoC Creator\psoc\content\cycomponentlibrary\CyComponentLibrary.cylib\BLE_v1_20\Library\gccCyBLEStack_BLE_SOC_PERIPHERAL.a(ll_connection.o)
                0x00003690                ll_conn_handle_ping_timer_expired_interrupt

i.ll_conn_handle_ping_timer_nearly_expired_interrupt
                0x000036ac       0x20
 i.ll_conn_handle_ping_timer_nearly_expired_interrupt
                0x000036ac       0x20 C:\Program Files (x86)\Cypress\PSoC Creator\3.1\PSoC Creator\psoc\content\cycomponentlibrary\CyComponentLibrary.cylib\BLE_v1_20\Library\gccCyBLEStack_BLE_SOC_PERIPHERAL.a(ll_connection.o)
                0x000036ac                ll_conn_handle_ping_timer_nearly_expired_interrupt

i.ll_conn_handle_stop_connectable_adv
                0x000036cc       0x12
 i.ll_conn_handle_stop_connectable_adv
                0x000036cc       0x12 C:\Program Files (x86)\Cypress\PSoC Creator\3.1\PSoC Creator\psoc\content\cycomponentlibrary\CyComponentLibrary.cylib\BLE_v1_20\Library\gccCyBLEStack_BLE_SOC_PERIPHERAL.a(ll_connection.o)
                0x000036cc                ll_conn_handle_stop_connectable_adv

i.ll_conn_process_pending_transactions
                0x000036de        0x4
 i.ll_conn_process_pending_transactions
                0x000036de        0x4 C:\Program Files (x86)\Cypress\PSoC Creator\3.1\PSoC Creator\psoc\content\cycomponentlibrary\CyComponentLibrary.cylib\BLE_v1_20\Library\gccCyBLEStack_BLE_SOC_PERIPHERAL.a(ll_connection.o)
                0x000036de                ll_conn_process_pending_transactions

i.ll_conn_program_authenticated_payload_timer
                0x000036e4       0x50
 i.ll_conn_program_authenticated_payload_timer
                0x000036e4       0x50 C:\Program Files (x86)\Cypress\PSoC Creator\3.1\PSoC Creator\psoc\content\cycomponentlibrary\CyComponentLibrary.cylib\BLE_v1_20\Library\gccCyBLEStack_BLE_SOC_PERIPHERAL.a(ll_connection.o)
                0x000036e4                ll_conn_program_authenticated_payload_timer

i.ll_conn_read_data_pdu_from_hardware
                0x00003734       0x14
 i.ll_conn_read_data_pdu_from_hardware
                0x00003734       0x14 C:\Program Files (x86)\Cypress\PSoC Creator\3.1\PSoC Creator\psoc\content\cycomponentlibrary\CyComponentLibrary.cylib\BLE_v1_20\Library\gccCyBLEStack_BLE_SOC_PERIPHERAL.a(ll_connection.o)
                0x00003734                ll_conn_read_data_pdu_from_hardware

i.ll_conn_send_ping_req_pdu
                0x00003748       0x40
 i.ll_conn_send_ping_req_pdu
                0x00003748       0x40 C:\Program Files (x86)\Cypress\PSoC Creator\3.1\PSoC Creator\psoc\content\cycomponentlibrary\CyComponentLibrary.cylib\BLE_v1_20\Library\gccCyBLEStack_BLE_SOC_PERIPHERAL.a(ll_connection.o)
                0x00003748                ll_conn_send_ping_req_pdu

i.ll_conn_store_pending_tx_pdu
                0x00003788       0x1a
 i.ll_conn_store_pending_tx_pdu
                0x00003788       0x1a C:\Program Files (x86)\Cypress\PSoC Creator\3.1\PSoC Creator\psoc\content\cycomponentlibrary\CyComponentLibrary.cylib\BLE_v1_20\Library\gccCyBLEStack_BLE_SOC_PERIPHERAL.a(ll_connection.o)
                0x00003788                ll_conn_store_pending_tx_pdu

i.ll_conn_update_rssi
                0x000037a2       0x16
 i.ll_conn_update_rssi
                0x000037a2       0x16 C:\Program Files (x86)\Cypress\PSoC Creator\3.1\PSoC Creator\psoc\content\cycomponentlibrary\CyComponentLibrary.cylib\BLE_v1_20\Library\gccCyBLEStack_BLE_SOC_PERIPHERAL.a(ll_connection.o)
                0x000037a2                ll_conn_update_rssi

i.ll_convert_hci_llid_to_ll_llid_host_to_controller
                0x000037b8        0x8
 i.ll_convert_hci_llid_to_ll_llid_host_to_controller
                0x000037b8        0x8 C:\Program Files (x86)\Cypress\PSoC Creator\3.1\PSoC Creator\psoc\content\cycomponentlibrary\CyComponentLibrary.cylib\BLE_v1_20\Library\gccCyBLEStack_BLE_SOC_PERIPHERAL.a(ll_connection.o)
                0x000037b8                ll_convert_hci_llid_to_ll_llid_host_to_controller

i.ll_convert_ll_llid_to_hci_llid_controller_to_host
                0x000037c0        0x2
 i.ll_convert_ll_llid_to_hci_llid_controller_to_host
                0x000037c0        0x2 C:\Program Files (x86)\Cypress\PSoC Creator\3.1\PSoC Creator\psoc\content\cycomponentlibrary\CyComponentLibrary.cylib\BLE_v1_20\Library\gccCyBLEStack_BLE_SOC_PERIPHERAL.a(ll_connection.o)
                0x000037c0                ll_convert_ll_llid_to_hci_llid_controller_to_host

i.ll_decode_and_program_connect_req
                0x000037c4       0xec
 i.ll_decode_and_program_connect_req
                0x000037c4       0xec C:\Program Files (x86)\Cypress\PSoC Creator\3.1\PSoC Creator\psoc\content\cycomponentlibrary\CyComponentLibrary.cylib\BLE_v1_20\Library\gccCyBLEStack_BLE_SOC_PERIPHERAL.a(ll_connection.o)
                0x000037c4                ll_decode_and_program_connect_req

i.ll_enc_fsm_derive_session_key
                0x000038b0       0x46
 i.ll_enc_fsm_derive_session_key
                0x000038b0       0x46 C:\Program Files (x86)\Cypress\PSoC Creator\3.1\PSoC Creator\psoc\content\cycomponentlibrary\CyComponentLibrary.cylib\BLE_v1_20\Library\gccCyBLEStack_BLE_SOC_PERIPHERAL.a(ll_connection.o)
                0x000038b0                ll_enc_fsm_derive_session_key

i.ll_enc_handle_enc_complete
                0x000038f6       0x68
 i.ll_enc_handle_enc_complete
                0x000038f6       0x68 C:\Program Files (x86)\Cypress\PSoC Creator\3.1\PSoC Creator\psoc\content\cycomponentlibrary\CyComponentLibrary.cylib\BLE_v1_20\Library\gccCyBLEStack_BLE_SOC_PERIPHERAL.a(ll_connection.o)
                0x000038f6                ll_enc_handle_enc_complete

i.ll_enc_handle_enc_failure
                0x00003960       0xa4
 i.ll_enc_handle_enc_failure
                0x00003960       0xa4 C:\Program Files (x86)\Cypress\PSoC Creator\3.1\PSoC Creator\psoc\content\cycomponentlibrary\CyComponentLibrary.cylib\BLE_v1_20\Library\gccCyBLEStack_BLE_SOC_PERIPHERAL.a(ll_connection.o)
                0x00003960                ll_enc_handle_enc_failure

i.ll_enc_handle_ll_reject_pdu_cb
                0x00003a04       0x24
 i.ll_enc_handle_ll_reject_pdu_cb
                0x00003a04       0x24 C:\Program Files (x86)\Cypress\PSoC Creator\3.1\PSoC Creator\psoc\content\cycomponentlibrary\CyComponentLibrary.cylib\BLE_v1_20\Library\gccCyBLEStack_BLE_SOC_PERIPHERAL.a(ll_connection.o)
                0x00003a04                ll_enc_handle_ll_reject_pdu_cb

i.ll_enc_handle_ll_terminate_pdu
                0x00003a28       0x16
 i.ll_enc_handle_ll_terminate_pdu
                0x00003a28       0x16 C:\Program Files (x86)\Cypress\PSoC Creator\3.1\PSoC Creator\psoc\content\cycomponentlibrary\CyComponentLibrary.cylib\BLE_v1_20\Library\gccCyBLEStack_BLE_SOC_PERIPHERAL.a(ll_connection.o)
                0x00003a28                ll_enc_handle_ll_terminate_pdu

i.ll_enc_handle_ll_unknown_resp_pdu_cb
                0x00003a3e       0x24
 i.ll_enc_handle_ll_unknown_resp_pdu_cb
                0x00003a3e       0x24 C:\Program Files (x86)\Cypress\PSoC Creator\3.1\PSoC Creator\psoc\content\cycomponentlibrary\CyComponentLibrary.cylib\BLE_v1_20\Library\gccCyBLEStack_BLE_SOC_PERIPHERAL.a(ll_connection.o)
                0x00003a3e                ll_enc_handle_ll_unknown_resp_pdu_cb

i.ll_enc_handle_slave_await_to_start_cb
                0x00003a64       0x80
 i.ll_enc_handle_slave_await_to_start_cb
                0x00003a64       0x80 C:\Program Files (x86)\Cypress\PSoC Creator\3.1\PSoC Creator\psoc\content\cycomponentlibrary\CyComponentLibrary.cylib\BLE_v1_20\Library\gccCyBLEStack_BLE_SOC_PERIPHERAL.a(ll_connection.o)
                0x00003a64                ll_enc_handle_slave_await_to_start_cb

i.ll_enc_handle_slave_enc_resp_ack_cb
                0x00003ae4       0x28
 i.ll_enc_handle_slave_enc_resp_ack_cb
                0x00003ae4       0x28 C:\Program Files (x86)\Cypress\PSoC Creator\3.1\PSoC Creator\psoc\content\cycomponentlibrary\CyComponentLibrary.cylib\BLE_v1_20\Library\gccCyBLEStack_BLE_SOC_PERIPHERAL.a(ll_connection.o)
                0x00003ae4                ll_enc_handle_slave_enc_resp_ack_cb

i.ll_enc_handle_slave_ltk_neg_reply_cb
                0x00003b0c       0x60
 i.ll_enc_handle_slave_ltk_neg_reply_cb
                0x00003b0c       0x60 C:\Program Files (x86)\Cypress\PSoC Creator\3.1\PSoC Creator\psoc\content\cycomponentlibrary\CyComponentLibrary.cylib\BLE_v1_20\Library\gccCyBLEStack_BLE_SOC_PERIPHERAL.a(ll_connection.o)
                0x00003b0c                ll_enc_handle_slave_ltk_neg_reply_cb

i.ll_enc_handle_slave_pause_enc_req_cb
                0x00003b6c       0x46
 i.ll_enc_handle_slave_pause_enc_req_cb
                0x00003b6c       0x46 C:\Program Files (x86)\Cypress\PSoC Creator\3.1\PSoC Creator\psoc\content\cycomponentlibrary\CyComponentLibrary.cylib\BLE_v1_20\Library\gccCyBLEStack_BLE_SOC_PERIPHERAL.a(ll_connection.o)
                0x00003b6c                ll_enc_handle_slave_pause_enc_req_cb

i.ll_enc_handle_slave_pause_enc_resp_cb
                0x00003bb2       0x10
 i.ll_enc_handle_slave_pause_enc_resp_cb
                0x00003bb2       0x10 C:\Program Files (x86)\Cypress\PSoC Creator\3.1\PSoC Creator\psoc\content\cycomponentlibrary\CyComponentLibrary.cylib\BLE_v1_20\Library\gccCyBLEStack_BLE_SOC_PERIPHERAL.a(ll_connection.o)
                0x00003bb2                ll_enc_handle_slave_pause_enc_resp_cb

i.ll_enc_handle_slave_reject_ind_ack_cb
                0x00003bc2       0x22
 i.ll_enc_handle_slave_reject_ind_ack_cb
                0x00003bc2       0x22 C:\Program Files (x86)\Cypress\PSoC Creator\3.1\PSoC Creator\psoc\content\cycomponentlibrary\CyComponentLibrary.cylib\BLE_v1_20\Library\gccCyBLEStack_BLE_SOC_PERIPHERAL.a(ll_connection.o)
                0x00003bc2                ll_enc_handle_slave_reject_ind_ack_cb

i.ll_enc_handle_slave_start_enc_resp_ack_cb
                0x00003be4        0x8
 i.ll_enc_handle_slave_start_enc_resp_ack_cb
                0x00003be4        0x8 C:\Program Files (x86)\Cypress\PSoC Creator\3.1\PSoC Creator\psoc\content\cycomponentlibrary\CyComponentLibrary.cylib\BLE_v1_20\Library\gccCyBLEStack_BLE_SOC_PERIPHERAL.a(ll_connection.o)
                0x00003be4                ll_enc_handle_slave_start_enc_resp_ack_cb

i.ll_enc_handle_slave_start_enc_resp_cb
                0x00003bec       0x34
 i.ll_enc_handle_slave_start_enc_resp_cb
                0x00003bec       0x34 C:\Program Files (x86)\Cypress\PSoC Creator\3.1\PSoC Creator\psoc\content\cycomponentlibrary\CyComponentLibrary.cylib\BLE_v1_20\Library\gccCyBLEStack_BLE_SOC_PERIPHERAL.a(ll_connection.o)
                0x00003bec                ll_enc_handle_slave_start_enc_resp_cb

i.ll_enc_send_start_encryption_request
                0x00003c20       0x38
 i.ll_enc_send_start_encryption_request
                0x00003c20       0x38 C:\Program Files (x86)\Cypress\PSoC Creator\3.1\PSoC Creator\psoc\content\cycomponentlibrary\CyComponentLibrary.cylib\BLE_v1_20\Library\gccCyBLEStack_BLE_SOC_PERIPHERAL.a(ll_connection.o)
                0x00003c20                ll_enc_send_start_encryption_request

i.ll_extract_pdu_opcode
                0x00003c58        0x4
 i.ll_extract_pdu_opcode
                0x00003c58        0x4 C:\Program Files (x86)\Cypress\PSoC Creator\3.1\PSoC Creator\psoc\content\cycomponentlibrary\CyComponentLibrary.cylib\BLE_v1_20\Library\gccCyBLEStack_BLE_SOC_PERIPHERAL.a(ll_connection.o)
                0x00003c58                ll_extract_pdu_opcode

i.ll_fsm_handle_conn_established_ind
                0x00003c5c       0x7c
 i.ll_fsm_handle_conn_established_ind
                0x00003c5c       0x7c C:\Program Files (x86)\Cypress\PSoC Creator\3.1\PSoC Creator\psoc\content\cycomponentlibrary\CyComponentLibrary.cylib\BLE_v1_20\Library\gccCyBLEStack_BLE_SOC_PERIPHERAL.a(ll_connection.o)
                0x00003c5c                ll_fsm_handle_conn_established_ind

i.ll_fsm_handle_conn_failure_ind
                0x00003cd8        0xc
 i.ll_fsm_handle_conn_failure_ind
                0x00003cd8        0xc C:\Program Files (x86)\Cypress\PSoC Creator\3.1\PSoC Creator\psoc\content\cycomponentlibrary\CyComponentLibrary.cylib\BLE_v1_20\Library\gccCyBLEStack_BLE_SOC_PERIPHERAL.a(ll_connection.o)
                0x00003cd8                ll_fsm_handle_conn_failure_ind

i.ll_fsm_handle_disconnecting_state
                0x00003ce4       0x16
 i.ll_fsm_handle_disconnecting_state
                0x00003ce4       0x16 C:\Program Files (x86)\Cypress\PSoC Creator\3.1\PSoC Creator\psoc\content\cycomponentlibrary\CyComponentLibrary.cylib\BLE_v1_20\Library\gccCyBLEStack_BLE_SOC_PERIPHERAL.a(ll_connection.o)
                0x00003ce4                ll_fsm_handle_disconnecting_state

i.ll_fsm_handle_end_of_conn_interval
                0x00003cfc       0x30
 i.ll_fsm_handle_end_of_conn_interval
                0x00003cfc       0x30 C:\Program Files (x86)\Cypress\PSoC Creator\3.1\PSoC Creator\psoc\content\cycomponentlibrary\CyComponentLibrary.cylib\BLE_v1_20\Library\gccCyBLEStack_BLE_SOC_PERIPHERAL.a(ll_connection.o)
                0x00003cfc                ll_fsm_handle_end_of_conn_interval

i.ll_fsm_handle_pdu_response_timeout
                0x00003d2c       0x20
 i.ll_fsm_handle_pdu_response_timeout
                0x00003d2c       0x20 C:\Program Files (x86)\Cypress\PSoC Creator\3.1\PSoC Creator\psoc\content\cycomponentlibrary\CyComponentLibrary.cylib\BLE_v1_20\Library\gccCyBLEStack_BLE_SOC_PERIPHERAL.a(ll_connection.o)
                0x00003d2c                ll_fsm_handle_pdu_response_timeout

i.ll_fsm_handle_sup_timeout_ind
                0x00003d4c       0x22
 i.ll_fsm_handle_sup_timeout_ind
                0x00003d4c       0x22 C:\Program Files (x86)\Cypress\PSoC Creator\3.1\PSoC Creator\psoc\content\cycomponentlibrary\CyComponentLibrary.cylib\BLE_v1_20\Library\gccCyBLEStack_BLE_SOC_PERIPHERAL.a(ll_connection.o)
                0x00003d4c                ll_fsm_handle_sup_timeout_ind

i.ll_fsm_move_to_disconnected_state
                0x00003d6e       0x94
 i.ll_fsm_move_to_disconnected_state
                0x00003d6e       0x94 C:\Program Files (x86)\Cypress\PSoC Creator\3.1\PSoC Creator\psoc\content\cycomponentlibrary\CyComponentLibrary.cylib\BLE_v1_20\Library\gccCyBLEStack_BLE_SOC_PERIPHERAL.a(ll_connection.o)
                0x00003d6e                ll_fsm_move_to_disconnected_state

i.ll_generate_connection_complete
                0x00003e02       0x62
 i.ll_generate_connection_complete